<?xml version="1.0"?>
<link_info>
   <banner>MSP430 Linker PC v4.4.6</banner>
   <copyright>Copyright (c) 2003-2015 Texas Instruments Incorporated</copyright>
   <link_time>0x566f04b2</link_time>
   <link_errors>0x0</link_errors>
   <output_file>MSP430FR5969_MRF89XA8_v0.1.out</output_file>
   <entry_point>
      <name>_c_int00_noargs_noexit</name>
      <address>0x48b8</address>
   </entry_point>
   <input_file_list>
      <input_file id="fl-2">
         <path>.\</path>
         <kind>object</kind>
         <file>main.obj</file>
         <name>main.obj</name>
      </input_file>
      <input_file id="fl-3">
         <path>.\driverlib\MSP430FR5xx_6xx\</path>
         <kind>object</kind>
         <file>adc12_b.obj</file>
         <name>adc12_b.obj</name>
      </input_file>
      <input_file id="fl-4">
         <path>.\driverlib\MSP430FR5xx_6xx\</path>
         <kind>object</kind>
         <file>aes256.obj</file>
         <name>aes256.obj</name>
      </input_file>
      <input_file id="fl-5">
         <path>.\driverlib\MSP430FR5xx_6xx\</path>
         <kind>object</kind>
         <file>comp_e.obj</file>
         <name>comp_e.obj</name>
      </input_file>
      <input_file id="fl-6">
         <path>.\driverlib\MSP430FR5xx_6xx\</path>
         <kind>object</kind>
         <file>crc.obj</file>
         <name>crc.obj</name>
      </input_file>
      <input_file id="fl-7">
         <path>.\driverlib\MSP430FR5xx_6xx\</path>
         <kind>object</kind>
         <file>crc32.obj</file>
         <name>crc32.obj</name>
      </input_file>
      <input_file id="fl-8">
         <path>.\driverlib\MSP430FR5xx_6xx\</path>
         <kind>object</kind>
         <file>cs.obj</file>
         <name>cs.obj</name>
      </input_file>
      <input_file id="fl-9">
         <path>.\driverlib\MSP430FR5xx_6xx\</path>
         <kind>object</kind>
         <file>dma.obj</file>
         <name>dma.obj</name>
      </input_file>
      <input_file id="fl-a">
         <path>.\driverlib\MSP430FR5xx_6xx\</path>
         <kind>object</kind>
         <file>esi.obj</file>
         <name>esi.obj</name>
      </input_file>
      <input_file id="fl-b">
         <path>.\driverlib\MSP430FR5xx_6xx\</path>
         <kind>object</kind>
         <file>eusci_a_spi.obj</file>
         <name>eusci_a_spi.obj</name>
      </input_file>
      <input_file id="fl-c">
         <path>.\driverlib\MSP430FR5xx_6xx\</path>
         <kind>object</kind>
         <file>eusci_a_uart.obj</file>
         <name>eusci_a_uart.obj</name>
      </input_file>
      <input_file id="fl-d">
         <path>.\driverlib\MSP430FR5xx_6xx\</path>
         <kind>object</kind>
         <file>eusci_b_i2c.obj</file>
         <name>eusci_b_i2c.obj</name>
      </input_file>
      <input_file id="fl-e">
         <path>.\driverlib\MSP430FR5xx_6xx\</path>
         <kind>object</kind>
         <file>eusci_b_spi.obj</file>
         <name>eusci_b_spi.obj</name>
      </input_file>
      <input_file id="fl-f">
         <path>.\driverlib\MSP430FR5xx_6xx\</path>
         <kind>object</kind>
         <file>framctl.obj</file>
         <name>framctl.obj</name>
      </input_file>
      <input_file id="fl-10">
         <path>.\driverlib\MSP430FR5xx_6xx\</path>
         <kind>object</kind>
         <file>gpio.obj</file>
         <name>gpio.obj</name>
      </input_file>
      <input_file id="fl-11">
         <path>.\driverlib\MSP430FR5xx_6xx\</path>
         <kind>object</kind>
         <file>lcd_c.obj</file>
         <name>lcd_c.obj</name>
      </input_file>
      <input_file id="fl-12">
         <path>.\driverlib\MSP430FR5xx_6xx\</path>
         <kind>object</kind>
         <file>mpu.obj</file>
         <name>mpu.obj</name>
      </input_file>
      <input_file id="fl-13">
         <path>.\driverlib\MSP430FR5xx_6xx\</path>
         <kind>object</kind>
         <file>mpy32.obj</file>
         <name>mpy32.obj</name>
      </input_file>
      <input_file id="fl-14">
         <path>.\driverlib\MSP430FR5xx_6xx\</path>
         <kind>object</kind>
         <file>pmm.obj</file>
         <name>pmm.obj</name>
      </input_file>
      <input_file id="fl-15">
         <path>.\driverlib\MSP430FR5xx_6xx\</path>
         <kind>object</kind>
         <file>ram.obj</file>
         <name>ram.obj</name>
      </input_file>
      <input_file id="fl-16">
         <path>.\driverlib\MSP430FR5xx_6xx\</path>
         <kind>object</kind>
         <file>ref_a.obj</file>
         <name>ref_a.obj</name>
      </input_file>
      <input_file id="fl-17">
         <path>.\driverlib\MSP430FR5xx_6xx\</path>
         <kind>object</kind>
         <file>rtc_b.obj</file>
         <name>rtc_b.obj</name>
      </input_file>
      <input_file id="fl-18">
         <path>.\driverlib\MSP430FR5xx_6xx\</path>
         <kind>object</kind>
         <file>rtc_c.obj</file>
         <name>rtc_c.obj</name>
      </input_file>
      <input_file id="fl-19">
         <path>.\driverlib\MSP430FR5xx_6xx\</path>
         <kind>object</kind>
         <file>sfr.obj</file>
         <name>sfr.obj</name>
      </input_file>
      <input_file id="fl-1a">
         <path>.\driverlib\MSP430FR5xx_6xx\</path>
         <kind>object</kind>
         <file>sysctl.obj</file>
         <name>sysctl.obj</name>
      </input_file>
      <input_file id="fl-1b">
         <path>.\driverlib\MSP430FR5xx_6xx\</path>
         <kind>object</kind>
         <file>timer_a.obj</file>
         <name>timer_a.obj</name>
      </input_file>
      <input_file id="fl-1c">
         <path>.\driverlib\MSP430FR5xx_6xx\</path>
         <kind>object</kind>
         <file>timer_b.obj</file>
         <name>timer_b.obj</name>
      </input_file>
      <input_file id="fl-1d">
         <path>.\driverlib\MSP430FR5xx_6xx\</path>
         <kind>object</kind>
         <file>tlv.obj</file>
         <name>tlv.obj</name>
      </input_file>
      <input_file id="fl-1e">
         <path>.\driverlib\MSP430FR5xx_6xx\</path>
         <kind>object</kind>
         <file>wdt_a.obj</file>
         <name>wdt_a.obj</name>
      </input_file>
      <input_file id="fl-1f">
         <path>.\Radio\drivers\</path>
         <kind>object</kind>
         <file>rf_spi.obj</file>
         <name>rf_spi.obj</name>
      </input_file>
      <input_file id="fl-20">
         <path>.\Radio\drivers\</path>
         <kind>object</kind>
         <file>rf_time.obj</file>
         <name>rf_time.obj</name>
      </input_file>
      <input_file id="fl-21">
         <path>.\Radio\NWK\</path>
         <kind>object</kind>
         <file>aes.obj</file>
         <name>aes.obj</name>
      </input_file>
      <input_file id="fl-22">
         <path>.\Radio\NWK\</path>
         <kind>object</kind>
         <file>nwk_radio.obj</file>
         <name>nwk_radio.obj</name>
      </input_file>
      <input_file id="fl-23">
         <path>.\Radio\NWK\</path>
         <kind>object</kind>
         <file>nwk_security.obj</file>
         <name>nwk_security.obj</name>
      </input_file>
      <input_file id="fl-24">
         <path>.\Radio\LNK\</path>
         <kind>object</kind>
         <file>radio.obj</file>
         <name>radio.obj</name>
      </input_file>
      <input_file id="fl-25">
         <path>.\HAL\</path>
         <kind>object</kind>
         <file>gpio.obj</file>
         <name>gpio.obj</name>
      </input_file>
      <input_file id="fl-26">
         <path>.\HAL\</path>
         <kind>object</kind>
         <file>spi.obj</file>
         <name>spi.obj</name>
      </input_file>
      <input_file id="fl-27">
         <path>.\HAL\</path>
         <kind>object</kind>
         <file>system.obj</file>
         <name>system.obj</name>
      </input_file>
      <input_file id="fl-28">
         <path>.\HAL\</path>
         <kind>object</kind>
         <file>uart.obj</file>
         <name>uart.obj</name>
      </input_file>
      <input_file id="fl-29">
         <path>.\AT\</path>
         <kind>object</kind>
         <file>commands.obj</file>
         <name>commands.obj</name>
      </input_file>
      <input_file id="fl-5e">
         <path>C:\ti\ccsv6\tools\compiler\ti-cgt-msp430_4.4.6\lib\</path>
         <kind>archive</kind>
         <file>rts430x_lc_rd_eabi.lib</file>
         <name>copy_decompress_none.obj</name>
      </input_file>
      <input_file id="fl-5f">
         <path>C:\ti\ccsv6\tools\compiler\ti-cgt-msp430_4.4.6\lib\</path>
         <kind>archive</kind>
         <file>rts430x_lc_rd_eabi.lib</file>
         <name>copy_decompress_rle.obj</name>
      </input_file>
      <input_file id="fl-60">
         <path>C:\ti\ccsv6\tools\compiler\ti-cgt-msp430_4.4.6\lib\</path>
         <kind>archive</kind>
         <file>rts430x_lc_rd_eabi.lib</file>
         <name>int30.obj</name>
      </input_file>
      <input_file id="fl-61">
         <path>C:\ti\ccsv6\tools\compiler\ti-cgt-msp430_4.4.6\lib\</path>
         <kind>archive</kind>
         <file>rts430x_lc_rd_eabi.lib</file>
         <name>isr_trap.obj</name>
      </input_file>
      <input_file id="fl-62">
         <path>C:\ti\ccsv6\tools\compiler\ti-cgt-msp430_4.4.6\lib\</path>
         <kind>archive</kind>
         <file>rts430x_lc_rd_eabi.lib</file>
         <name>int31.obj</name>
      </input_file>
      <input_file id="fl-63">
         <path>C:\ti\ccsv6\tools\compiler\ti-cgt-msp430_4.4.6\lib\</path>
         <kind>archive</kind>
         <file>rts430x_lc_rd_eabi.lib</file>
         <name>int32.obj</name>
      </input_file>
      <input_file id="fl-64">
         <path>C:\ti\ccsv6\tools\compiler\ti-cgt-msp430_4.4.6\lib\</path>
         <kind>archive</kind>
         <file>rts430x_lc_rd_eabi.lib</file>
         <name>int33.obj</name>
      </input_file>
      <input_file id="fl-65">
         <path>C:\ti\ccsv6\tools\compiler\ti-cgt-msp430_4.4.6\lib\</path>
         <kind>archive</kind>
         <file>rts430x_lc_rd_eabi.lib</file>
         <name>int34.obj</name>
      </input_file>
      <input_file id="fl-66">
         <path>C:\ti\ccsv6\tools\compiler\ti-cgt-msp430_4.4.6\lib\</path>
         <kind>archive</kind>
         <file>rts430x_lc_rd_eabi.lib</file>
         <name>int35.obj</name>
      </input_file>
      <input_file id="fl-67">
         <path>C:\ti\ccsv6\tools\compiler\ti-cgt-msp430_4.4.6\lib\</path>
         <kind>archive</kind>
         <file>rts430x_lc_rd_eabi.lib</file>
         <name>int36.obj</name>
      </input_file>
      <input_file id="fl-68">
         <path>C:\ti\ccsv6\tools\compiler\ti-cgt-msp430_4.4.6\lib\</path>
         <kind>archive</kind>
         <file>rts430x_lc_rd_eabi.lib</file>
         <name>int37.obj</name>
      </input_file>
      <input_file id="fl-69">
         <path>C:\ti\ccsv6\tools\compiler\ti-cgt-msp430_4.4.6\lib\</path>
         <kind>archive</kind>
         <file>rts430x_lc_rd_eabi.lib</file>
         <name>int38.obj</name>
      </input_file>
      <input_file id="fl-6a">
         <path>C:\ti\ccsv6\tools\compiler\ti-cgt-msp430_4.4.6\lib\</path>
         <kind>archive</kind>
         <file>rts430x_lc_rd_eabi.lib</file>
         <name>int40.obj</name>
      </input_file>
      <input_file id="fl-6b">
         <path>C:\ti\ccsv6\tools\compiler\ti-cgt-msp430_4.4.6\lib\</path>
         <kind>archive</kind>
         <file>rts430x_lc_rd_eabi.lib</file>
         <name>int41.obj</name>
      </input_file>
      <input_file id="fl-6c">
         <path>C:\ti\ccsv6\tools\compiler\ti-cgt-msp430_4.4.6\lib\</path>
         <kind>archive</kind>
         <file>rts430x_lc_rd_eabi.lib</file>
         <name>int42.obj</name>
      </input_file>
      <input_file id="fl-6d">
         <path>C:\ti\ccsv6\tools\compiler\ti-cgt-msp430_4.4.6\lib\</path>
         <kind>archive</kind>
         <file>rts430x_lc_rd_eabi.lib</file>
         <name>int43.obj</name>
      </input_file>
      <input_file id="fl-6e">
         <path>C:\ti\ccsv6\tools\compiler\ti-cgt-msp430_4.4.6\lib\</path>
         <kind>archive</kind>
         <file>rts430x_lc_rd_eabi.lib</file>
         <name>int44.obj</name>
      </input_file>
      <input_file id="fl-6f">
         <path>C:\ti\ccsv6\tools\compiler\ti-cgt-msp430_4.4.6\lib\</path>
         <kind>archive</kind>
         <file>rts430x_lc_rd_eabi.lib</file>
         <name>int45.obj</name>
      </input_file>
      <input_file id="fl-70">
         <path>C:\ti\ccsv6\tools\compiler\ti-cgt-msp430_4.4.6\lib\</path>
         <kind>archive</kind>
         <file>rts430x_lc_rd_eabi.lib</file>
         <name>int46.obj</name>
      </input_file>
      <input_file id="fl-71">
         <path>C:\ti\ccsv6\tools\compiler\ti-cgt-msp430_4.4.6\lib\</path>
         <kind>archive</kind>
         <file>rts430x_lc_rd_eabi.lib</file>
         <name>int47.obj</name>
      </input_file>
      <input_file id="fl-72">
         <path>C:\ti\ccsv6\tools\compiler\ti-cgt-msp430_4.4.6\lib\</path>
         <kind>archive</kind>
         <file>rts430x_lc_rd_eabi.lib</file>
         <name>int49.obj</name>
      </input_file>
      <input_file id="fl-73">
         <path>C:\ti\ccsv6\tools\compiler\ti-cgt-msp430_4.4.6\lib\</path>
         <kind>archive</kind>
         <file>rts430x_lc_rd_eabi.lib</file>
         <name>int50.obj</name>
      </input_file>
      <input_file id="fl-74">
         <path>C:\ti\ccsv6\tools\compiler\ti-cgt-msp430_4.4.6\lib\</path>
         <kind>archive</kind>
         <file>rts430x_lc_rd_eabi.lib</file>
         <name>int51.obj</name>
      </input_file>
      <input_file id="fl-75">
         <path>C:\ti\ccsv6\tools\compiler\ti-cgt-msp430_4.4.6\lib\</path>
         <kind>archive</kind>
         <file>rts430x_lc_rd_eabi.lib</file>
         <name>int52.obj</name>
      </input_file>
      <input_file id="fl-76">
         <path>C:\ti\ccsv6\tools\compiler\ti-cgt-msp430_4.4.6\lib\</path>
         <kind>archive</kind>
         <file>rts430x_lc_rd_eabi.lib</file>
         <name>int53.obj</name>
      </input_file>
      <input_file id="fl-77">
         <path>C:\ti\ccsv6\tools\compiler\ti-cgt-msp430_4.4.6\lib\</path>
         <kind>archive</kind>
         <file>rts430x_lc_rd_eabi.lib</file>
         <name>int54.obj</name>
      </input_file>
      <input_file id="fl-78">
         <path>C:\ti\ccsv6\tools\compiler\ti-cgt-msp430_4.4.6\lib\</path>
         <kind>archive</kind>
         <file>rts430x_lc_rd_eabi.lib</file>
         <name>copy_zero_init.obj</name>
      </input_file>
      <input_file id="fl-79">
         <path>C:\ti\ccsv6\tools\compiler\ti-cgt-msp430_4.4.6\lib\</path>
         <kind>archive</kind>
         <file>rts430x_lc_rd_eabi.lib</file>
         <name>div16s.obj</name>
      </input_file>
      <input_file id="fl-7a">
         <path>C:\ti\ccsv6\tools\compiler\ti-cgt-msp430_4.4.6\lib\</path>
         <kind>archive</kind>
         <file>rts430x_lc_rd_eabi.lib</file>
         <name>div32s.obj</name>
      </input_file>
      <input_file id="fl-7b">
         <path>C:\ti\ccsv6\tools\compiler\ti-cgt-msp430_4.4.6\lib\</path>
         <kind>archive</kind>
         <file>rts430x_lc_rd_eabi.lib</file>
         <name>div16u.obj</name>
      </input_file>
      <input_file id="fl-7c">
         <path>C:\ti\ccsv6\tools\compiler\ti-cgt-msp430_4.4.6\lib\</path>
         <kind>archive</kind>
         <file>rts430x_lc_rd_eabi.lib</file>
         <name>div32u.obj</name>
      </input_file>
      <input_file id="fl-7d">
         <path>C:\ti\ccsv6\tools\compiler\ti-cgt-msp430_4.4.6\lib\</path>
         <kind>archive</kind>
         <file>rts430x_lc_rd_eabi.lib</file>
         <name>mult16.obj</name>
      </input_file>
      <input_file id="fl-7e">
         <path>C:\ti\ccsv6\tools\compiler\ti-cgt-msp430_4.4.6\lib\</path>
         <kind>archive</kind>
         <file>rts430x_lc_rd_eabi.lib</file>
         <name>mult16_f5hw.obj</name>
      </input_file>
      <input_file id="fl-7f">
         <path>C:\ti\ccsv6\tools\compiler\ti-cgt-msp430_4.4.6\lib\</path>
         <kind>archive</kind>
         <file>rts430x_lc_rd_eabi.lib</file>
         <name>mult32_f5hw.obj</name>
      </input_file>
      <input_file id="fl-80">
         <path>C:\ti\ccsv6\tools\compiler\ti-cgt-msp430_4.4.6\lib\</path>
         <kind>archive</kind>
         <file>rts430x_lc_rd_eabi.lib</file>
         <name>mult64_f5hw.obj</name>
      </input_file>
      <input_file id="fl-81">
         <path>C:\ti\ccsv6\tools\compiler\ti-cgt-msp430_4.4.6\lib\</path>
         <kind>archive</kind>
         <file>rts430x_lc_rd_eabi.lib</file>
         <name>mult1632_f5hw.obj</name>
      </input_file>
      <input_file id="fl-82">
         <path>C:\ti\ccsv6\tools\compiler\ti-cgt-msp430_4.4.6\lib\</path>
         <kind>archive</kind>
         <file>rts430x_lc_rd_eabi.lib</file>
         <name>mult3264_f5hw.obj</name>
      </input_file>
      <input_file id="fl-83">
         <path>C:\ti\ccsv6\tools\compiler\ti-cgt-msp430_4.4.6\lib\</path>
         <kind>archive</kind>
         <file>rts430x_lc_rd_eabi.lib</file>
         <name>lsl16.obj</name>
      </input_file>
      <input_file id="fl-84">
         <path>C:\ti\ccsv6\tools\compiler\ti-cgt-msp430_4.4.6\lib\</path>
         <kind>archive</kind>
         <file>rts430x_lc_rd_eabi.lib</file>
         <name>boot.obj</name>
      </input_file>
      <input_file id="fl-85">
         <path>C:\ti\ccsv6\tools\compiler\ti-cgt-msp430_4.4.6\lib\</path>
         <kind>archive</kind>
         <file>rts430x_lc_rd_eabi.lib</file>
         <name>args_main.obj</name>
      </input_file>
      <input_file id="fl-86">
         <path>C:\ti\ccsv6\tools\compiler\ti-cgt-msp430_4.4.6\lib\</path>
         <kind>archive</kind>
         <file>rts430x_lc_rd_eabi.lib</file>
         <name>autoinit_wdt.obj</name>
      </input_file>
      <input_file id="fl-87">
         <path>C:\ti\ccsv6\tools\compiler\ti-cgt-msp430_4.4.6\lib\</path>
         <kind>archive</kind>
         <file>rts430x_lc_rd_eabi.lib</file>
         <name>boot_special.obj</name>
      </input_file>
      <input_file id="fl-88">
         <path>C:\ti\ccsv6\tools\compiler\ti-cgt-msp430_4.4.6\lib\</path>
         <kind>archive</kind>
         <file>rts430x_lc_rd_eabi.lib</file>
         <name>mpu_init.obj</name>
      </input_file>
      <input_file id="fl-89">
         <path>C:\ti\ccsv6\tools\compiler\ti-cgt-msp430_4.4.6\lib\</path>
         <kind>archive</kind>
         <file>rts430x_lc_rd_eabi.lib</file>
         <name>pre_init.obj</name>
      </input_file>
      <input_file id="fl-8a">
         <path>C:\ti\ccsv6\tools\compiler\ti-cgt-msp430_4.4.6\lib\</path>
         <kind>archive</kind>
         <file>rts430x_lc_rd_eabi.lib</file>
         <name>exit.obj</name>
      </input_file>
      <input_file id="fl-8b">
         <path>C:\ti\ccsv6\tools\compiler\ti-cgt-msp430_4.4.6\lib\</path>
         <kind>archive</kind>
         <file>rts430x_lc_rd_eabi.lib</file>
         <name>exit_gvars.obj</name>
      </input_file>
      <input_file id="fl-8c">
         <path>C:\ti\ccsv6\tools\compiler\ti-cgt-msp430_4.4.6\lib\</path>
         <kind>archive</kind>
         <file>rts430x_lc_rd_eabi.lib</file>
         <name>_lock.obj</name>
      </input_file>
      <input_file id="fl-8d">
         <path>C:\ti\ccsv6\tools\compiler\ti-cgt-msp430_4.4.6\lib\</path>
         <kind>archive</kind>
         <file>rts430x_lc_rd_eabi.lib</file>
         <name>memory.obj</name>
      </input_file>
      <input_file id="fl-8e">
         <path>C:\ti\ccsv6\tools\compiler\ti-cgt-msp430_4.4.6\lib\</path>
         <kind>archive</kind>
         <file>rts430x_lc_rd_eabi.lib</file>
         <name>memcpy.obj</name>
      </input_file>
      <input_file id="fl-8f">
         <path>C:\ti\ccsv6\tools\compiler\ti-cgt-msp430_4.4.6\lib\</path>
         <kind>archive</kind>
         <file>rts430x_lc_rd_eabi.lib</file>
         <name>sprintf.obj</name>
      </input_file>
      <input_file id="fl-90">
         <path>C:\ti\ccsv6\tools\compiler\ti-cgt-msp430_4.4.6\lib\</path>
         <kind>archive</kind>
         <file>rts430x_lc_rd_eabi.lib</file>
         <name>_printfi_min.obj</name>
      </input_file>
      <input_file id="fl-91">
         <path>C:\ti\ccsv6\tools\compiler\ti-cgt-msp430_4.4.6\lib\</path>
         <kind>archive</kind>
         <file>rts430x_lc_rd_eabi.lib</file>
         <name>memccpy.obj</name>
      </input_file>
      <input_file id="fl-92">
         <path>C:\ti\ccsv6\tools\compiler\ti-cgt-msp430_4.4.6\lib\</path>
         <kind>archive</kind>
         <file>rts430x_lc_rd_eabi.lib</file>
         <name>memset.obj</name>
      </input_file>
      <input_file id="fl-93">
         <path>C:\ti\ccsv6\tools\compiler\ti-cgt-msp430_4.4.6\lib\</path>
         <kind>archive</kind>
         <file>rts430x_lc_rd_eabi.lib</file>
         <name>strcmp.obj</name>
      </input_file>
      <input_file id="fl-94">
         <path>C:\ti\ccsv6\tools\compiler\ti-cgt-msp430_4.4.6\lib\</path>
         <kind>archive</kind>
         <file>rts430x_lc_rd_eabi.lib</file>
         <name>strcpy.obj</name>
      </input_file>
      <input_file id="fl-95">
         <path>C:\ti\ccsv6\tools\compiler\ti-cgt-msp430_4.4.6\lib\</path>
         <kind>archive</kind>
         <file>rts430x_lc_rd_eabi.lib</file>
         <name>strlen.obj</name>
      </input_file>
      <input_file id="fl-96">
         <path>C:\ti\ccsv6\tools\compiler\ti-cgt-msp430_4.4.6\lib\</path>
         <kind>archive</kind>
         <file>rts430x_lc_rd_eabi.lib</file>
         <name>strncmp.obj</name>
      </input_file>
   </input_file_list>
   <object_component_list>
      <object_component id="oc-df">
         <name>.sysmem</name>
         <uninitialized>true</uninitialized>
         <run_address>0x4400</run_address>
         <size>0x6</size>
         <input_file_ref idref="fl-8d"/>
      </object_component>
      <object_component id="oc-5aa">
         <name>.sysmem</name>
         <uninitialized>true</uninitialized>
         <run_address>0x4400</run_address>
         <size>0x0</size>
      </object_component>
      <object_component id="oc-5a8">
         <name>.cinit..data.load</name>
         <load_address>0x4c2c</load_address>
         <run_address>0x4c2c</run_address>
         <size>0xac</size>
      </object_component>
      <object_component id="oc-5a5">
         <name>__TI_handler_table</name>
         <load_address>0x4cd8</load_address>
         <run_address>0x4cd8</run_address>
         <size>0xc</size>
      </object_component>
      <object_component id="oc-5a7">
         <name>.cinit..bss.load</name>
         <load_address>0x4ce4</load_address>
         <run_address>0x4ce4</run_address>
         <size>0x6</size>
      </object_component>
      <object_component id="oc-5a6">
         <name>__TI_cinit_table</name>
         <load_address>0x4cea</load_address>
         <run_address>0x4cea</run_address>
         <size>0x10</size>
      </object_component>
      <object_component id="oc-50d">
         <name>.const:.string:rsbox</name>
         <load_address>0x48d8</load_address>
         <run_address>0x48d8</run_address>
         <size>0x100</size>
         <input_file_ref idref="fl-21"/>
      </object_component>
      <object_component id="oc-4fd">
         <name>.const:.string:sbox</name>
         <load_address>0x49d8</load_address>
         <run_address>0x49d8</run_address>
         <size>0x100</size>
         <input_file_ref idref="fl-21"/>
      </object_component>
      <object_component id="oc-2a0">
         <name>.const:.string</name>
         <load_address>0x4ad8</load_address>
         <run_address>0x4ad8</run_address>
         <size>0x68</size>
         <input_file_ref idref="fl-29"/>
      </object_component>
      <object_component id="oc-1a2">
         <name>.const:.string</name>
         <load_address>0x4b40</load_address>
         <run_address>0x4b40</run_address>
         <size>0x4c</size>
         <input_file_ref idref="fl-2"/>
      </object_component>
      <object_component id="oc-412">
         <name>.const:GPIO_PORT_TO_BASE</name>
         <load_address>0x4b8c</load_address>
         <run_address>0x4b8c</run_address>
         <size>0x1c</size>
         <input_file_ref idref="fl-10"/>
      </object_component>
      <object_component id="oc-38e">
         <name>.const:.string:P_VALUE_CH_</name>
         <load_address>0x4ba8</load_address>
         <run_address>0x4ba8</run_address>
         <size>0x15</size>
         <input_file_ref idref="fl-24"/>
      </object_component>
      <object_component id="oc-394">
         <name>.const</name>
         <load_address>0x4bbd</load_address>
         <run_address>0x4bbd</run_address>
         <size>0x1</size>
         <input_file_ref idref="fl-24"/>
      </object_component>
      <object_component id="oc-38b">
         <name>.const:.string:R_VALUE_CH_</name>
         <load_address>0x4bbe</load_address>
         <run_address>0x4bbe</run_address>
         <size>0x15</size>
         <input_file_ref idref="fl-24"/>
      </object_component>
      <object_component id="oc-391">
         <name>.const:.string:S_VALUE_CH_</name>
         <load_address>0x4bd4</load_address>
         <run_address>0x4bd4</run_address>
         <size>0x15</size>
         <input_file_ref idref="fl-24"/>
      </object_component>
      <object_component id="oc-4e7">
         <name>.const:.string</name>
         <load_address>0x4bea</load_address>
         <run_address>0x4bea</run_address>
         <size>0x14</size>
         <input_file_ref idref="fl-90"/>
      </object_component>
      <object_component id="oc-424">
         <name>.const</name>
         <load_address>0x4bfe</load_address>
         <run_address>0x4bfe</run_address>
         <size>0x12</size>
         <input_file_ref idref="fl-26"/>
      </object_component>
      <object_component id="oc-35f">
         <name>.const</name>
         <load_address>0x4c10</load_address>
         <run_address>0x4c10</run_address>
         <size>0x10</size>
         <input_file_ref idref="fl-28"/>
      </object_component>
      <object_component id="oc-500">
         <name>.const:.string:Rcon</name>
         <load_address>0x4c20</load_address>
         <run_address>0x4c20</run_address>
         <size>0xb</size>
         <input_file_ref idref="fl-21"/>
      </object_component>
      <object_component id="oc-107">
         <name>.text:_isr:USCI_A0_ISR</name>
         <load_address>0x4800</load_address>
         <run_address>0x4800</run_address>
         <size>0x8c</size>
         <input_file_ref idref="fl-28"/>
      </object_component>
      <object_component id="oc-101">
         <name>.text:_isr:Port_1</name>
         <load_address>0x488c</load_address>
         <run_address>0x488c</run_address>
         <size>0x2c</size>
         <input_file_ref idref="fl-25"/>
      </object_component>
      <object_component id="oc-b7">
         <name>.text:_isr:_c_int00_noargs_noexit</name>
         <load_address>0x48b8</load_address>
         <run_address>0x48b8</run_address>
         <size>0x1a</size>
         <input_file_ref idref="fl-87"/>
      </object_component>
      <object_component id="oc-fc">
         <name>.text:_isr:__TI_ISR_TRAP</name>
         <load_address>0x48d2</load_address>
         <run_address>0x48d2</run_address>
         <size>0x6</size>
         <input_file_ref idref="fl-61"/>
      </object_component>
      <object_component id="oc-4da">
         <name>.text:aes_decr</name>
         <load_address>0x10000</load_address>
         <run_address>0x10000</run_address>
         <size>0x68a</size>
         <input_file_ref idref="fl-21"/>
      </object_component>
      <object_component id="oc-4cf">
         <name>.text:aes_encr</name>
         <load_address>0x1068a</load_address>
         <run_address>0x1068a</run_address>
         <size>0x584</size>
         <input_file_ref idref="fl-21"/>
      </object_component>
      <object_component id="oc-4c9">
         <name>.text:expandKey</name>
         <load_address>0x10c0e</load_address>
         <run_address>0x10c0e</run_address>
         <size>0x34c</size>
         <input_file_ref idref="fl-21"/>
      </object_component>
      <object_component id="oc-28b">
         <name>.text:Radio_Init</name>
         <load_address>0x10f5a</load_address>
         <run_address>0x10f5a</run_address>
         <size>0x220</size>
         <input_file_ref idref="fl-24"/>
      </object_component>
      <object_component id="oc-134">
         <name>.text:main</name>
         <load_address>0x1117a</load_address>
         <run_address>0x1117a</run_address>
         <size>0x188</size>
         <input_file_ref idref="fl-2"/>
      </object_component>
      <object_component id="oc-1f0">
         <name>.text:Send_Rf_Data</name>
         <load_address>0x11302</load_address>
         <run_address>0x11302</run_address>
         <size>0x166</size>
         <input_file_ref idref="fl-29"/>
      </object_component>
      <object_component id="oc-1c0">
         <name>.text:Set_Network_Address</name>
         <load_address>0x11468</load_address>
         <run_address>0x11468</run_address>
         <size>0x13c</size>
         <input_file_ref idref="fl-29"/>
      </object_component>
      <object_component id="oc-491">
         <name>.text:_setfield</name>
         <load_address>0x115a4</load_address>
         <run_address>0x115a4</run_address>
         <size>0x132</size>
         <input_file_ref idref="fl-90"/>
      </object_component>
      <object_component id="oc-20e">
         <name>.text:Receive_Rf_Data</name>
         <load_address>0x116d6</load_address>
         <run_address>0x116d6</run_address>
         <size>0x126</size>
         <input_file_ref idref="fl-29"/>
      </object_component>
      <object_component id="oc-305">
         <name>.text:Radio_Send_Data</name>
         <load_address>0x117fc</load_address>
         <run_address>0x117fc</run_address>
         <size>0xfa</size>
         <input_file_ref idref="fl-22"/>
      </object_component>
      <object_component id="oc-31b">
         <name>.text:Radio_Receive_Data</name>
         <load_address>0x118f6</load_address>
         <run_address>0x118f6</run_address>
         <size>0xee</size>
         <input_file_ref idref="fl-22"/>
      </object_component>
      <object_component id="oc-406">
         <name>.text:__TI_printfi_minimal</name>
         <load_address>0x119e4</load_address>
         <run_address>0x119e4</run_address>
         <size>0xd2</size>
         <input_file_ref idref="fl-90"/>
      </object_component>
      <object_component id="oc-1ea">
         <name>.text:Set_Rf_Mode</name>
         <load_address>0x11ab6</load_address>
         <run_address>0x11ab6</run_address>
         <size>0xd0</size>
         <input_file_ref idref="fl-29"/>
      </object_component>
      <object_component id="oc-2e8">
         <name>.text:malloc</name>
         <load_address>0x11b86</load_address>
         <run_address>0x11b86</run_address>
         <size>0xba</size>
         <input_file_ref idref="fl-8d"/>
      </object_component>
      <object_component id="oc-1d8">
         <name>.text:Set_Rf_Power</name>
         <load_address>0x11c40</load_address>
         <run_address>0x11c40</run_address>
         <size>0xb8</size>
         <input_file_ref idref="fl-29"/>
      </object_component>
      <object_component id="oc-399">
         <name>.text:cByteToHex</name>
         <load_address>0x11cf8</load_address>
         <run_address>0x11cf8</run_address>
         <size>0xb6</size>
         <input_file_ref idref="fl-27"/>
      </object_component>
      <object_component id="oc-1d2">
         <name>.text:Set_Rf_Data_Rate</name>
         <load_address>0x11dae</load_address>
         <run_address>0x11dae</run_address>
         <size>0xb4</size>
         <input_file_ref idref="fl-29"/>
      </object_component>
      <object_component id="oc-3e3">
         <name>.text:Radio_Tx</name>
         <load_address>0x11e62</load_address>
         <run_address>0x11e62</run_address>
         <size>0xa8</size>
         <input_file_ref idref="fl-24"/>
      </object_component>
      <object_component id="oc-3e9">
         <name>.text:Radio_Rx</name>
         <load_address>0x11f0a</load_address>
         <run_address>0x11f0a</run_address>
         <size>0x9e</size>
         <input_file_ref idref="fl-24"/>
      </object_component>
      <object_component id="oc-362">
         <name>.text:EUSCI_A_UART_init</name>
         <load_address>0x11fa8</load_address>
         <run_address>0x11fa8</run_address>
         <size>0x9a</size>
         <input_file_ref idref="fl-c"/>
      </object_component>
      <object_component id="oc-193">
         <name>.text:System_Init</name>
         <load_address>0x12042</load_address>
         <run_address>0x12042</run_address>
         <size>0x90</size>
         <input_file_ref idref="fl-27"/>
      </object_component>
      <object_component id="oc-30b">
         <name>.text:free</name>
         <load_address>0x120d2</load_address>
         <run_address>0x120d2</run_address>
         <size>0x8e</size>
         <input_file_ref idref="fl-8d"/>
      </object_component>
      <object_component id="oc-291">
         <name>.text:Radio_Set_Channel</name>
         <load_address>0x12160</load_address>
         <run_address>0x12160</run_address>
         <size>0x84</size>
         <input_file_ref idref="fl-24"/>
      </object_component>
      <object_component id="oc-3b1">
         <name>.text:Trans_Int</name>
         <load_address>0x121e4</load_address>
         <run_address>0x121e4</run_address>
         <size>0x80</size>
         <input_file_ref idref="fl-27"/>
      </object_component>
      <object_component id="oc-375">
         <name>.text:SPI_Init</name>
         <load_address>0x12264</load_address>
         <run_address>0x12264</run_address>
         <size>0x7e</size>
         <input_file_ref idref="fl-26"/>
      </object_component>
      <object_component id="oc-27f">
         <name>.text:UART_Init</name>
         <load_address>0x122e2</load_address>
         <run_address>0x122e2</run_address>
         <size>0x7e</size>
         <input_file_ref idref="fl-28"/>
      </object_component>
      <object_component id="oc-353">
         <name>.text:GPIO_setAsPeripheralModuleFunctionInputPin</name>
         <load_address>0x12360</load_address>
         <run_address>0x12360</run_address>
         <size>0x72</size>
         <input_file_ref idref="fl-10"/>
      </object_component>
      <object_component id="oc-34d">
         <name>.text:GPIO_setAsPeripheralModuleFunctionOutputPin</name>
         <load_address>0x123d2</load_address>
         <run_address>0x123d2</run_address>
         <size>0x72</size>
         <input_file_ref idref="fl-10"/>
      </object_component>
      <object_component id="oc-11a">
         <name>.text:_auto_init_hold_wdt</name>
         <load_address>0x12444</load_address>
         <run_address>0x12444</run_address>
         <size>0x6c</size>
         <input_file_ref idref="fl-86"/>
      </object_component>
      <object_component id="oc-ef">
         <name>.text:__TI_decompress_rle_core</name>
         <load_address>0x124b0</load_address>
         <run_address>0x124b0</run_address>
         <size>0x68</size>
         <input_file_ref idref="fl-5f"/>
      </object_component>
      <object_component id="oc-346">
         <name>.text:CS_initClockSignal</name>
         <load_address>0x12518</load_address>
         <run_address>0x12518</run_address>
         <size>0x66</size>
         <input_file_ref idref="fl-8"/>
      </object_component>
      <object_component id="oc-2f4">
         <name>.text:Radio_Set_Mode</name>
         <load_address>0x1257e</load_address>
         <run_address>0x1257e</run_address>
         <size>0x66</size>
         <input_file_ref idref="fl-24"/>
      </object_component>
      <object_component id="oc-2c3">
         <name>.text:String_To_Int</name>
         <load_address>0x125e4</load_address>
         <run_address>0x125e4</run_address>
         <size>0x5e</size>
         <input_file_ref idref="fl-27"/>
      </object_component>
      <object_component id="oc-519">
         <name>.text:_ltostr</name>
         <load_address>0x12642</load_address>
         <run_address>0x12642</run_address>
         <size>0x5a</size>
         <input_file_ref idref="fl-90"/>
      </object_component>
      <object_component id="oc-1e4">
         <name>.text:Set_Rf_Local_Address</name>
         <load_address>0x1269c</load_address>
         <run_address>0x1269c</run_address>
         <size>0x58</size>
         <input_file_ref idref="fl-29"/>
      </object_component>
      <object_component id="oc-4ba">
         <name>.text</name>
         <load_address>0x126f4</load_address>
         <run_address>0x126f4</run_address>
         <size>0x58</size>
         <input_file_ref idref="fl-7c"/>
      </object_component>
      <object_component id="oc-427">
         <name>.text:EUSCI_B_SPI_initMaster</name>
         <load_address>0x1274c</load_address>
         <run_address>0x1274c</run_address>
         <size>0x56</size>
         <input_file_ref idref="fl-e"/>
      </object_component>
      <object_component id="oc-19c">
         <name>.text:Print_Error</name>
         <load_address>0x127a2</load_address>
         <run_address>0x127a2</run_address>
         <size>0x50</size>
         <input_file_ref idref="fl-29"/>
      </object_component>
      <object_component id="oc-1de">
         <name>.text:Set_Rf_Channel</name>
         <load_address>0x127f2</load_address>
         <run_address>0x127f2</run_address>
         <size>0x50</size>
         <input_file_ref idref="fl-29"/>
      </object_component>
      <object_component id="oc-4e8">
         <name>.text:_pproc_diouxp</name>
         <load_address>0x12842</load_address>
         <run_address>0x12842</run_address>
         <size>0x4c</size>
         <input_file_ref idref="fl-90"/>
      </object_component>
      <object_component id="oc-37c">
         <name>.text:RF_IRQ_Init</name>
         <load_address>0x1288e</load_address>
         <run_address>0x1288e</run_address>
         <size>0x48</size>
         <input_file_ref idref="fl-1f"/>
      </object_component>
      <object_component id="oc-497">
         <name>.text:_pproc_str</name>
         <load_address>0x128d6</load_address>
         <run_address>0x128d6</run_address>
         <size>0x48</size>
         <input_file_ref idref="fl-90"/>
      </object_component>
      <object_component id="oc-321">
         <name>.text:sprintf</name>
         <load_address>0x1291e</load_address>
         <run_address>0x1291e</run_address>
         <size>0x44</size>
         <input_file_ref idref="fl-8f"/>
      </object_component>
      <object_component id="oc-3c9">
         <name>.text:minit</name>
         <load_address>0x12962</load_address>
         <run_address>0x12962</run_address>
         <size>0x42</size>
         <input_file_ref idref="fl-8d"/>
      </object_component>
      <object_component id="oc-474">
         <name>.text:_Add_Address_To_Packet</name>
         <load_address>0x129a4</load_address>
         <run_address>0x129a4</run_address>
         <size>0x40</size>
         <input_file_ref idref="fl-24"/>
      </object_component>
      <object_component id="oc-3d7">
         <name>.text:_Modify_Packet_Header</name>
         <load_address>0x129e4</load_address>
         <run_address>0x129e4</run_address>
         <size>0x40</size>
         <input_file_ref idref="fl-22"/>
      </object_component>
      <object_component id="oc-513">
         <name>.text:_getarg_diouxp</name>
         <load_address>0x12a24</load_address>
         <run_address>0x12a24</run_address>
         <size>0x3e</size>
         <input_file_ref idref="fl-90"/>
      </object_component>
      <object_component id="oc-205">
         <name>.text:Clear_Work_Data_Buf</name>
         <load_address>0x12a62</load_address>
         <run_address>0x12a62</run_address>
         <size>0x36</size>
         <input_file_ref idref="fl-28"/>
      </object_component>
      <object_component id="oc-279">
         <name>.text:System_Set_Speed</name>
         <load_address>0x12a98</load_address>
         <run_address>0x12a98</run_address>
         <size>0x2e</size>
         <input_file_ref idref="fl-27"/>
      </object_component>
      <object_component id="oc-2af">
         <name>.text:strncmp</name>
         <load_address>0x12ac6</load_address>
         <run_address>0x12ac6</run_address>
         <size>0x2e</size>
         <input_file_ref idref="fl-96"/>
      </object_component>
      <object_component id="oc-2cf">
         <name>.text:SPI_Conf_Write_Register</name>
         <load_address>0x12af4</load_address>
         <run_address>0x12af4</run_address>
         <size>0x2a</size>
         <input_file_ref idref="fl-1f"/>
      </object_component>
      <object_component id="oc-382">
         <name>.text:SPI_Conf_Read_Register</name>
         <load_address>0x12b1e</load_address>
         <run_address>0x12b1e</run_address>
         <size>0x28</size>
         <input_file_ref idref="fl-1f"/>
      </object_component>
      <object_component id="oc-47a">
         <name>.text:SPI_Data_Write</name>
         <load_address>0x12b46</load_address>
         <run_address>0x12b46</run_address>
         <size>0x24</size>
         <input_file_ref idref="fl-1f"/>
      </object_component>
      <object_component id="oc-29a">
         <name>.text:UART_Send_ByteToChar</name>
         <load_address>0x12b6a</load_address>
         <run_address>0x12b6a</run_address>
         <size>0x24</size>
         <input_file_ref idref="fl-28"/>
      </object_component>
      <object_component id="oc-99">
         <name>.text:decompress:ZI:__TI_zero_init</name>
         <load_address>0x12b8e</load_address>
         <run_address>0x12b8e</run_address>
         <size>0x24</size>
         <input_file_ref idref="fl-78"/>
      </object_component>
      <object_component id="oc-36e">
         <name>.text:EUSCI_A_UART_enableInterrupt</name>
         <load_address>0x12bb2</load_address>
         <run_address>0x12bb2</run_address>
         <size>0x22</size>
         <input_file_ref idref="fl-c"/>
      </object_component>
      <object_component id="oc-3a6">
         <name>.text:EUSCI_A_UART_transmitData</name>
         <load_address>0x12bd4</load_address>
         <run_address>0x12bd4</run_address>
         <size>0x22</size>
         <input_file_ref idref="fl-c"/>
      </object_component>
      <object_component id="oc-285">
         <name>.text:RF_SPI_Init</name>
         <load_address>0x12bf6</load_address>
         <run_address>0x12bf6</run_address>
         <size>0x22</size>
         <input_file_ref idref="fl-1f"/>
      </object_component>
      <object_component id="oc-3be">
         <name>.text:Spi_Send</name>
         <load_address>0x12c18</load_address>
         <run_address>0x12c18</run_address>
         <size>0x22</size>
         <input_file_ref idref="fl-26"/>
      </object_component>
      <object_component id="oc-2a2">
         <name>.text:UART_Send_Byte</name>
         <load_address>0x12c3a</load_address>
         <run_address>0x12c3a</run_address>
         <size>0x20</size>
         <input_file_ref idref="fl-28"/>
      </object_component>
      <object_component id="oc-273">
         <name>.text:WDT_A_hold</name>
         <load_address>0x12c5a</load_address>
         <run_address>0x12c5a</run_address>
         <size>0x20</size>
         <input_file_ref idref="fl-1e"/>
      </object_component>
      <object_component id="oc-3fa">
         <name>.text:_outs</name>
         <load_address>0x12c7a</load_address>
         <run_address>0x12c7a</run_address>
         <size>0x20</size>
         <input_file_ref idref="fl-8f"/>
      </object_component>
      <object_component id="oc-1b1">
         <name>.text:Check_Uart_Answer_Block</name>
         <load_address>0x12c9a</load_address>
         <run_address>0x12c9a</run_address>
         <size>0x1e</size>
         <input_file_ref idref="fl-28"/>
      </object_component>
      <object_component id="oc-488">
         <name>.text:aes_decrypt</name>
         <load_address>0x12cb8</load_address>
         <run_address>0x12cb8</run_address>
         <size>0x1e</size>
         <input_file_ref idref="fl-21"/>
      </object_component>
      <object_component id="oc-46d">
         <name>.text:aes_encrypt</name>
         <load_address>0x12cd6</load_address>
         <run_address>0x12cd6</run_address>
         <size>0x1e</size>
         <input_file_ref idref="fl-21"/>
      </object_component>
      <object_component id="oc-4ee">
         <name>.text:memccpy</name>
         <load_address>0x12cf4</load_address>
         <run_address>0x12cf4</run_address>
         <size>0x1e</size>
         <input_file_ref idref="fl-91"/>
      </object_component>
      <object_component id="oc-32a">
         <name>.text:strcmp</name>
         <load_address>0x12d12</load_address>
         <run_address>0x12d12</run_address>
         <size>0x1c</size>
         <input_file_ref idref="fl-93"/>
      </object_component>
      <object_component id="oc-217">
         <name>.text:Check_Uart_Answer</name>
         <load_address>0x12d2e</load_address>
         <run_address>0x12d2e</run_address>
         <size>0x1a</size>
         <input_file_ref idref="fl-28"/>
      </object_component>
      <object_component id="oc-1ff">
         <name>.text:Clear_Uart_Data_Buf</name>
         <load_address>0x12d48</load_address>
         <run_address>0x12d48</run_address>
         <size>0x1a</size>
         <input_file_ref idref="fl-28"/>
      </object_component>
      <object_component id="oc-531">
         <name>.text:_div</name>
         <load_address>0x12d62</load_address>
         <run_address>0x12d62</run_address>
         <size>0x1a</size>
         <input_file_ref idref="fl-90"/>
      </object_component>
      <object_component id="oc-504">
         <name>.text:galois_mul2</name>
         <load_address>0x12d7c</load_address>
         <run_address>0x12d7c</run_address>
         <size>0x18</size>
         <input_file_ref idref="fl-21"/>
      </object_component>
      <object_component id="oc-1a3">
         <name>.text:UART_Send_Data</name>
         <load_address>0x12d94</load_address>
         <run_address>0x12d94</run_address>
         <size>0x16</size>
         <input_file_ref idref="fl-28"/>
      </object_component>
      <object_component id="oc-4e1">
         <name>.text:memset</name>
         <load_address>0x12daa</load_address>
         <run_address>0x12daa</run_address>
         <size>0x16</size>
         <input_file_ref idref="fl-92"/>
      </object_component>
      <object_component id="oc-53a">
         <name>.text</name>
         <load_address>0x12dc0</load_address>
         <run_address>0x12dc0</run_address>
         <size>0x16</size>
         <input_file_ref idref="fl-7b"/>
      </object_component>
      <object_component id="oc-3b7">
         <name>.text</name>
         <load_address>0x12dd6</load_address>
         <run_address>0x12dd6</run_address>
         <size>0x16</size>
         <input_file_ref idref="fl-7e"/>
      </object_component>
      <object_component id="oc-481">
         <name>.text:SPI_Data_Read</name>
         <load_address>0x12dec</load_address>
         <run_address>0x12dec</run_address>
         <size>0x14</size>
         <input_file_ref idref="fl-1f"/>
      </object_component>
      <object_component id="oc-400">
         <name>.text:_outc</name>
         <load_address>0x12e00</load_address>
         <run_address>0x12e00</run_address>
         <size>0x14</size>
         <input_file_ref idref="fl-8f"/>
      </object_component>
      <object_component id="oc-e2">
         <name>.text:memcpy</name>
         <load_address>0x12e14</load_address>
         <run_address>0x12e14</run_address>
         <size>0x14</size>
         <input_file_ref idref="fl-8e"/>
      </object_component>
      <object_component id="oc-340">
         <name>.text:CS_setDCOFreq</name>
         <load_address>0x12e28</load_address>
         <run_address>0x12e28</run_address>
         <size>0x12</size>
         <input_file_ref idref="fl-8"/>
      </object_component>
      <object_component id="oc-2df">
         <name>.text:Radio_Set_TxPower</name>
         <load_address>0x12e3a</load_address>
         <run_address>0x12e3a</run_address>
         <size>0x12</size>
         <input_file_ref idref="fl-24"/>
      </object_component>
      <object_component id="oc-74">
         <name>.text:decompress:none:__TI_decompress_none</name>
         <load_address>0x12e4c</load_address>
         <run_address>0x12e4c</run_address>
         <size>0x12</size>
         <input_file_ref idref="fl-5e"/>
      </object_component>
      <object_component id="oc-2ee">
         <name>.text:strcpy</name>
         <load_address>0x12e5e</load_address>
         <run_address>0x12e5e</run_address>
         <size>0x12</size>
         <input_file_ref idref="fl-94"/>
      </object_component>
      <object_component id="oc-2bd">
         <name>.text:strlen</name>
         <load_address>0x12e70</load_address>
         <run_address>0x12e70</run_address>
         <size>0xe</size>
         <input_file_ref idref="fl-95"/>
      </object_component>
      <object_component id="oc-44e">
         <name>.text:EUSCI_B_SPI_transmitData</name>
         <load_address>0x12e7e</load_address>
         <run_address>0x12e7e</run_address>
         <size>0xc</size>
         <input_file_ref idref="fl-e"/>
      </object_component>
      <object_component id="oc-3ef">
         <name>.text:Payload_Decrypt</name>
         <load_address>0x12e8a</load_address>
         <run_address>0x12e8a</run_address>
         <size>0xc</size>
         <input_file_ref idref="fl-23"/>
      </object_component>
      <object_component id="oc-3dd">
         <name>.text:Payload_Encrypt</name>
         <load_address>0x12e96</load_address>
         <run_address>0x12e96</run_address>
         <size>0xc</size>
         <input_file_ref idref="fl-23"/>
      </object_component>
      <object_component id="oc-2c9">
         <name>.text:_Validate_Address</name>
         <load_address>0x12ea2</load_address>
         <run_address>0x12ea2</run_address>
         <size>0xc</size>
         <input_file_ref idref="fl-29"/>
      </object_component>
      <object_component id="oc-3a0">
         <name>.text:EUSCI_A_UART_getInterruptStatus</name>
         <load_address>0x12eae</load_address>
         <run_address>0x12eae</run_address>
         <size>0xa</size>
         <input_file_ref idref="fl-c"/>
      </object_component>
      <object_component id="oc-454">
         <name>.text:EUSCI_B_SPI_getInterruptStatus</name>
         <load_address>0x12eb8</load_address>
         <run_address>0x12eb8</run_address>
         <size>0xa</size>
         <input_file_ref idref="fl-e"/>
      </object_component>
      <object_component id="oc-45a">
         <name>.text:EUSCI_B_SPI_receiveData</name>
         <load_address>0x12ec2</load_address>
         <run_address>0x12ec2</run_address>
         <size>0xa</size>
         <input_file_ref idref="fl-e"/>
      </object_component>
      <object_component id="oc-1f9">
         <name>.text:System_Reset</name>
         <load_address>0x12ecc</load_address>
         <run_address>0x12ecc</run_address>
         <size>0xa</size>
         <input_file_ref idref="fl-27"/>
      </object_component>
      <object_component id="oc-359">
         <name>.text:EUSCI_A_UART_disable</name>
         <load_address>0x12ed6</load_address>
         <run_address>0x12ed6</run_address>
         <size>0x6</size>
         <input_file_ref idref="fl-c"/>
      </object_component>
      <object_component id="oc-368">
         <name>.text:EUSCI_A_UART_enable</name>
         <load_address>0x12edc</load_address>
         <run_address>0x12edc</run_address>
         <size>0x6</size>
         <input_file_ref idref="fl-c"/>
      </object_component>
      <object_component id="oc-41e">
         <name>.text:EUSCI_B_SPI_disable</name>
         <load_address>0x12ee2</load_address>
         <run_address>0x12ee2</run_address>
         <size>0x6</size>
         <input_file_ref idref="fl-e"/>
      </object_component>
      <object_component id="oc-42d">
         <name>.text:EUSCI_B_SPI_enable</name>
         <load_address>0x12ee8</load_address>
         <run_address>0x12ee8</run_address>
         <size>0x6</size>
         <input_file_ref idref="fl-e"/>
      </object_component>
      <object_component id="oc-7a">
         <name>.text:decompress:rle24:__TI_decompress_rle24</name>
         <load_address>0x12eee</load_address>
         <run_address>0x12eee</run_address>
         <size>0x6</size>
         <input_file_ref idref="fl-5f"/>
      </object_component>
      <object_component id="oc-114">
         <name>.text:_system_pre_init</name>
         <load_address>0x12ef4</load_address>
         <run_address>0x12ef4</run_address>
         <size>0x4</size>
         <input_file_ref idref="fl-89"/>
      </object_component>
      <object_component id="oc-13c">
         <name>.text:abort</name>
         <load_address>0x12ef8</load_address>
         <run_address>0x12ef8</run_address>
         <size>0x4</size>
         <input_file_ref idref="fl-8a"/>
      </object_component>
      <object_component id="oc-261">
         <name>.text:_nop</name>
         <load_address>0x12efc</load_address>
         <run_address>0x12efc</run_address>
         <size>0x2</size>
         <input_file_ref idref="fl-8c"/>
      </object_component>
      <object_component id="oc-175">
         <name>.common:uart_rcv_buf</name>
         <uninitialized>true</uninitialized>
         <run_address>0x1dc0</run_address>
         <size>0x40</size>
      </object_component>
      <object_component id="oc-16c">
         <name>.common:uart_data</name>
         <uninitialized>true</uninitialized>
         <run_address>0x1d80</run_address>
         <size>0x40</size>
      </object_component>
      <object_component id="oc-176">
         <name>.common:data_rcv_flag</name>
         <uninitialized>true</uninitialized>
         <run_address>0x1e37</run_address>
         <size>0x1</size>
      </object_component>
      <object_component id="oc-2bc">
         <name>.common:data_p</name>
         <uninitialized>true</uninitialized>
         <run_address>0x1c00</run_address>
         <size>0x100</size>
      </object_component>
      <object_component id="oc-1a9">
         <name>.common:rf_data</name>
         <uninitialized>true</uninitialized>
         <run_address>0x1e00</run_address>
         <size>0x1c</size>
      </object_component>
      <object_component id="oc-3f7">
         <name>.common:TxPacket</name>
         <uninitialized>true</uninitialized>
         <run_address>0x1d40</run_address>
         <size>0x40</size>
      </object_component>
      <object_component id="oc-319">
         <name>.common:RxPacket</name>
         <uninitialized>true</uninitialized>
         <run_address>0x1d00</run_address>
         <size>0x40</size>
      </object_component>
      <object_component id="oc-31a">
         <name>.common:rssi_rx</name>
         <uninitialized>true</uninitialized>
         <run_address>0x1e3c</run_address>
         <size>0x1</size>
      </object_component>
      <object_component id="oc-3f8">
         <name>.common:packet_len</name>
         <uninitialized>true</uninitialized>
         <run_address>0x1e3a</run_address>
         <size>0x1</size>
      </object_component>
      <object_component id="oc-388">
         <name>.common:dummy</name>
         <uninitialized>true</uninitialized>
         <run_address>0x1e38</run_address>
         <size>0x1</size>
      </object_component>
      <object_component id="oc-3d6">
         <name>.common:nwk_header</name>
         <uninitialized>true</uninitialized>
         <run_address>0x1e32</run_address>
         <size>0x2</size>
      </object_component>
      <object_component id="oc-166">
         <name>.common:uart_rcv_byte</name>
         <uninitialized>true</uninitialized>
         <run_address>0x1e3d</run_address>
         <size>0x1</size>
      </object_component>
      <object_component id="oc-2fe">
         <name>.common:remote_addr_p</name>
         <uninitialized>true</uninitialized>
         <run_address>0x1e24</run_address>
         <size>0x4</size>
      </object_component>
      <object_component id="oc-2ff">
         <name>.common:encryption_p</name>
         <uninitialized>true</uninitialized>
         <run_address>0x1e20</run_address>
         <size>0x4</size>
      </object_component>
      <object_component id="oc-300">
         <name>.common:ack_p</name>
         <uninitialized>true</uninitialized>
         <run_address>0x1e1c</run_address>
         <size>0x4</size>
      </object_component>
      <object_component id="oc-301">
         <name>.common:remote_addr</name>
         <uninitialized>true</uninitialized>
         <run_address>0x1e34</run_address>
         <size>0x2</size>
      </object_component>
      <object_component id="oc-302">
         <name>.common:encryption</name>
         <uninitialized>true</uninitialized>
         <run_address>0x1e39</run_address>
         <size>0x1</size>
      </object_component>
      <object_component id="oc-303">
         <name>.common:ack</name>
         <uninitialized>true</uninitialized>
         <run_address>0x1e36</run_address>
         <size>0x1</size>
      </object_component>
      <object_component id="oc-304">
         <name>.common:payload_length</name>
         <uninitialized>true</uninitialized>
         <run_address>0x1e3b</run_address>
         <size>0x1</size>
      </object_component>
      <object_component id="oc-3cf">
         <name>.common:sys_free</name>
         <uninitialized>true</uninitialized>
         <run_address>0x1e2c</run_address>
         <size>0x4</size>
      </object_component>
      <object_component id="oc-465">
         <name>.common:sys_base</name>
         <uninitialized>true</uninitialized>
         <run_address>0x1e28</run_address>
         <size>0x4</size>
      </object_component>
      <object_component id="oc-464">
         <name>.common:memsize</name>
         <uninitialized>true</uninitialized>
         <run_address>0x1e30</run_address>
         <size>0x2</size>
      </object_component>
      <object_component id="oc-199">
         <name>.data</name>
         <load_address>0x1ea3</load_address>
         <run_address>0x1ea3</run_address>
         <size>0x1</size>
         <input_file_ref idref="fl-2"/>
      </object_component>
      <object_component id="oc-46a">
         <name>.data:encryption_key</name>
         <load_address>0x1e56</load_address>
         <run_address>0x1e56</run_address>
         <size>0x10</size>
         <input_file_ref idref="fl-23"/>
      </object_component>
      <object_component id="oc-169">
         <name>.data</name>
         <load_address>0x1ebf</load_address>
         <run_address>0x1ebf</run_address>
         <size>0x1</size>
         <input_file_ref idref="fl-28"/>
      </object_component>
      <object_component id="oc-214">
         <name>.data:CMD_AT</name>
         <load_address>0x1ede</load_address>
         <run_address>0x1ede</run_address>
         <size>0x3</size>
         <input_file_ref idref="fl-29"/>
      </object_component>
      <object_component id="oc-21d">
         <name>.data:CMD_AT_RST</name>
         <load_address>0x1ec0</load_address>
         <run_address>0x1ec0</run_address>
         <size>0x7</size>
         <input_file_ref idref="fl-29"/>
      </object_component>
      <object_component id="oc-220">
         <name>.data:CMD_AT_VER</name>
         <load_address>0x1ec8</load_address>
         <run_address>0x1ec8</run_address>
         <size>0x7</size>
         <input_file_ref idref="fl-29"/>
      </object_component>
      <object_component id="oc-1ae">
         <name>.data:CMD_AT_RFSEND</name>
         <load_address>0x1e98</load_address>
         <run_address>0x1e98</run_address>
         <size>0xb</size>
         <input_file_ref idref="fl-29"/>
      </object_component>
      <object_component id="oc-1b7">
         <name>.data:CMD_AT_RFMODE</name>
         <load_address>0x1e8c</load_address>
         <run_address>0x1e8c</run_address>
         <size>0xb</size>
         <input_file_ref idref="fl-29"/>
      </object_component>
      <object_component id="oc-1ba">
         <name>.data:CMD_AT_RFLADDR</name>
         <load_address>0x1ea4</load_address>
         <run_address>0x1ea4</run_address>
         <size>0xa</size>
         <input_file_ref idref="fl-29"/>
      </object_component>
      <object_component id="oc-1bd">
         <name>.data:CMD_AT_RFNADDR</name>
         <load_address>0x1eae</load_address>
         <run_address>0x1eae</run_address>
         <size>0xa</size>
         <input_file_ref idref="fl-29"/>
      </object_component>
      <object_component id="oc-1cc">
         <name>.data:CMD_AT_RFPOWER</name>
         <load_address>0x1e80</load_address>
         <run_address>0x1e80</run_address>
         <size>0xc</size>
         <input_file_ref idref="fl-29"/>
      </object_component>
      <object_component id="oc-1c9">
         <name>.data:CMD_AT_RFCHANNEL</name>
         <load_address>0x1e66</load_address>
         <run_address>0x1e66</run_address>
         <size>0xe</size>
         <input_file_ref idref="fl-29"/>
      </object_component>
      <object_component id="oc-1cf">
         <name>.data:CMD_AT_RFDRATE</name>
         <load_address>0x1e74</load_address>
         <run_address>0x1e74</run_address>
         <size>0xc</size>
         <input_file_ref idref="fl-29"/>
      </object_component>
      <object_component id="oc-1f6">
         <name>.data:ANSW_OK</name>
         <load_address>0x1ed0</load_address>
         <run_address>0x1ed0</run_address>
         <size>0x5</size>
         <input_file_ref idref="fl-29"/>
      </object_component>
      <object_component id="oc-1c6">
         <name>.data:ANSW_ERROR</name>
         <load_address>0x1eb8</load_address>
         <run_address>0x1eb8</run_address>
         <size>0x7</size>
         <input_file_ref idref="fl-29"/>
      </object_component>
      <object_component id="oc-2fa">
         <name>.data:ANSW_ERROR_UNK_CMD</name>
         <load_address>0x1e3e</load_address>
         <run_address>0x1e3e</run_address>
         <size>0x18</size>
         <input_file_ref idref="fl-29"/>
      </object_component>
      <object_component id="oc-20b">
         <name>.data</name>
         <load_address>0x1e97</load_address>
         <run_address>0x1e97</run_address>
         <size>0x1</size>
         <input_file_ref idref="fl-29"/>
      </object_component>
      <object_component id="oc-184">
         <name>.data:_lock</name>
         <load_address>0x1ed6</load_address>
         <run_address>0x1ed6</run_address>
         <size>0x4</size>
         <input_file_ref idref="fl-8c"/>
      </object_component>
      <object_component id="oc-18d">
         <name>.data:_unlock</name>
         <load_address>0x1eda</load_address>
         <run_address>0x1eda</run_address>
         <size>0x4</size>
         <input_file_ref idref="fl-8c"/>
      </object_component>
      <object_component id="oc-3c6">
         <name>.data</name>
         <load_address>0x1ee2</load_address>
         <run_address>0x1ee2</run_address>
         <size>0x2</size>
         <input_file_ref idref="fl-8d"/>
      </object_component>
      <object_component id="oc-db">
         <name>.stack</name>
         <uninitialized>true</uninitialized>
         <run_address>0x2360</run_address>
         <size>0x4</size>
         <input_file_ref idref="fl-84"/>
      </object_component>
      <object_component id="oc-5a9">
         <name>.stack</name>
         <uninitialized>true</uninitialized>
         <run_address>0x2360</run_address>
         <size>0x0</size>
      </object_component>
      <object_component id="oc-80">
         <name>.int30</name>
         <load_address>0xffcc</load_address>
         <run_address>0xffcc</run_address>
         <size>0x2</size>
         <input_file_ref idref="fl-60"/>
      </object_component>
      <object_component id="oc-81">
         <name>.int31</name>
         <load_address>0xffce</load_address>
         <run_address>0xffce</run_address>
         <size>0x2</size>
         <input_file_ref idref="fl-62"/>
      </object_component>
      <object_component id="oc-82">
         <name>.int32</name>
         <load_address>0xffd0</load_address>
         <run_address>0xffd0</run_address>
         <size>0x2</size>
         <input_file_ref idref="fl-63"/>
      </object_component>
      <object_component id="oc-83">
         <name>.int33</name>
         <load_address>0xffd2</load_address>
         <run_address>0xffd2</run_address>
         <size>0x2</size>
         <input_file_ref idref="fl-64"/>
      </object_component>
      <object_component id="oc-84">
         <name>.int34</name>
         <load_address>0xffd4</load_address>
         <run_address>0xffd4</run_address>
         <size>0x2</size>
         <input_file_ref idref="fl-65"/>
      </object_component>
      <object_component id="oc-85">
         <name>.int35</name>
         <load_address>0xffd6</load_address>
         <run_address>0xffd6</run_address>
         <size>0x2</size>
         <input_file_ref idref="fl-66"/>
      </object_component>
      <object_component id="oc-86">
         <name>.int36</name>
         <load_address>0xffd8</load_address>
         <run_address>0xffd8</run_address>
         <size>0x2</size>
         <input_file_ref idref="fl-67"/>
      </object_component>
      <object_component id="oc-87">
         <name>.int37</name>
         <load_address>0xffda</load_address>
         <run_address>0xffda</run_address>
         <size>0x2</size>
         <input_file_ref idref="fl-68"/>
      </object_component>
      <object_component id="oc-88">
         <name>.int38</name>
         <load_address>0xffdc</load_address>
         <run_address>0xffdc</run_address>
         <size>0x2</size>
         <input_file_ref idref="fl-69"/>
      </object_component>
      <object_component id="oc-89">
         <name>.int39</name>
         <load_address>0xffde</load_address>
         <run_address>0xffde</run_address>
         <size>0x2</size>
         <input_file_ref idref="fl-25"/>
      </object_component>
      <object_component id="oc-8a">
         <name>.int40</name>
         <load_address>0xffe0</load_address>
         <run_address>0xffe0</run_address>
         <size>0x2</size>
         <input_file_ref idref="fl-6a"/>
      </object_component>
      <object_component id="oc-8b">
         <name>.int41</name>
         <load_address>0xffe2</load_address>
         <run_address>0xffe2</run_address>
         <size>0x2</size>
         <input_file_ref idref="fl-6b"/>
      </object_component>
      <object_component id="oc-8c">
         <name>.int42</name>
         <load_address>0xffe4</load_address>
         <run_address>0xffe4</run_address>
         <size>0x2</size>
         <input_file_ref idref="fl-6c"/>
      </object_component>
      <object_component id="oc-8d">
         <name>.int43</name>
         <load_address>0xffe6</load_address>
         <run_address>0xffe6</run_address>
         <size>0x2</size>
         <input_file_ref idref="fl-6d"/>
      </object_component>
      <object_component id="oc-8e">
         <name>.int44</name>
         <load_address>0xffe8</load_address>
         <run_address>0xffe8</run_address>
         <size>0x2</size>
         <input_file_ref idref="fl-6e"/>
      </object_component>
      <object_component id="oc-8f">
         <name>.int45</name>
         <load_address>0xffea</load_address>
         <run_address>0xffea</run_address>
         <size>0x2</size>
         <input_file_ref idref="fl-6f"/>
      </object_component>
      <object_component id="oc-90">
         <name>.int46</name>
         <load_address>0xffec</load_address>
         <run_address>0xffec</run_address>
         <size>0x2</size>
         <input_file_ref idref="fl-70"/>
      </object_component>
      <object_component id="oc-91">
         <name>.int47</name>
         <load_address>0xffee</load_address>
         <run_address>0xffee</run_address>
         <size>0x2</size>
         <input_file_ref idref="fl-71"/>
      </object_component>
      <object_component id="oc-92">
         <name>.int48</name>
         <load_address>0xfff0</load_address>
         <run_address>0xfff0</run_address>
         <size>0x2</size>
         <input_file_ref idref="fl-28"/>
      </object_component>
      <object_component id="oc-93">
         <name>.int49</name>
         <load_address>0xfff2</load_address>
         <run_address>0xfff2</run_address>
         <size>0x2</size>
         <input_file_ref idref="fl-72"/>
      </object_component>
      <object_component id="oc-94">
         <name>.int50</name>
         <load_address>0xfff4</load_address>
         <run_address>0xfff4</run_address>
         <size>0x2</size>
         <input_file_ref idref="fl-73"/>
      </object_component>
      <object_component id="oc-95">
         <name>.int51</name>
         <load_address>0xfff6</load_address>
         <run_address>0xfff6</run_address>
         <size>0x2</size>
         <input_file_ref idref="fl-74"/>
      </object_component>
      <object_component id="oc-96">
         <name>.int52</name>
         <load_address>0xfff8</load_address>
         <run_address>0xfff8</run_address>
         <size>0x2</size>
         <input_file_ref idref="fl-75"/>
      </object_component>
      <object_component id="oc-97">
         <name>.int53</name>
         <load_address>0xfffa</load_address>
         <run_address>0xfffa</run_address>
         <size>0x2</size>
         <input_file_ref idref="fl-76"/>
      </object_component>
      <object_component id="oc-98">
         <name>.int54</name>
         <load_address>0xfffc</load_address>
         <run_address>0xfffc</run_address>
         <size>0x2</size>
         <input_file_ref idref="fl-77"/>
      </object_component>
      <object_component id="oc-de">
         <name>.reset</name>
         <load_address>0xfffe</load_address>
         <run_address>0xfffe</run_address>
         <size>0x2</size>
         <input_file_ref idref="fl-84"/>
      </object_component>
      <object_component id="oc-16d">
         <name>.debug_info</name>
         <load_address>0x0</load_address>
         <run_address>0x0</run_address>
         <size>0x808</size>
         <input_file_ref idref="fl-2"/>
      </object_component>
      <object_component id="oc-19a">
         <name>.debug_info</name>
         <load_address>0x808</load_address>
         <run_address>0x808</run_address>
         <size>0xe2</size>
         <input_file_ref idref="fl-2"/>
      </object_component>
      <object_component id="oc-135">
         <name>.debug_info</name>
         <load_address>0x8ea</load_address>
         <run_address>0x8ea</run_address>
         <size>0x3de</size>
         <input_file_ref idref="fl-2"/>
      </object_component>
      <object_component id="oc-24c">
         <name>.debug_info</name>
         <load_address>0xcc8</load_address>
         <run_address>0xcc8</run_address>
         <size>0xc8</size>
         <input_file_ref idref="fl-2"/>
      </object_component>
      <object_component id="oc-235">
         <name>.debug_info</name>
         <load_address>0xd90</load_address>
         <run_address>0xd90</run_address>
         <size>0xee</size>
         <input_file_ref idref="fl-2"/>
      </object_component>
      <object_component id="oc-434">
         <name>.debug_info</name>
         <load_address>0xe7e</load_address>
         <run_address>0xe7e</run_address>
         <size>0x174</size>
         <input_file_ref idref="fl-2"/>
      </object_component>
      <object_component id="oc-243">
         <name>.debug_info</name>
         <load_address>0xff2</load_address>
         <run_address>0xff2</run_address>
         <size>0xdb</size>
         <input_file_ref idref="fl-2"/>
      </object_component>
      <object_component id="oc-22e">
         <name>.debug_info</name>
         <load_address>0x10cd</load_address>
         <run_address>0x10cd</run_address>
         <size>0x8b</size>
         <input_file_ref idref="fl-2"/>
      </object_component>
      <object_component id="oc-23a">
         <name>.debug_info</name>
         <load_address>0x1158</load_address>
         <run_address>0x1158</run_address>
         <size>0x18b</size>
         <input_file_ref idref="fl-2"/>
      </object_component>
      <object_component id="oc-49f">
         <name>.debug_info</name>
         <load_address>0x12e3</load_address>
         <run_address>0x12e3</run_address>
         <size>0x2c</size>
         <input_file_ref idref="fl-2"/>
      </object_component>
      <object_component id="oc-14a">
         <name>.debug_info</name>
         <load_address>0x130f</load_address>
         <run_address>0x130f</run_address>
         <size>0x84</size>
         <input_file_ref idref="fl-4"/>
      </object_component>
      <object_component id="oc-347">
         <name>.debug_info</name>
         <load_address>0x1393</load_address>
         <run_address>0x1393</run_address>
         <size>0x25f</size>
         <input_file_ref idref="fl-8"/>
      </object_component>
      <object_component id="oc-341">
         <name>.debug_info</name>
         <load_address>0x15f2</load_address>
         <run_address>0x15f2</run_address>
         <size>0x1a4</size>
         <input_file_ref idref="fl-8"/>
      </object_component>
      <object_component id="oc-41b">
         <name>.debug_info</name>
         <load_address>0x1796</load_address>
         <run_address>0x1796</run_address>
         <size>0x167</size>
         <input_file_ref idref="fl-c"/>
      </object_component>
      <object_component id="oc-363">
         <name>.debug_info</name>
         <load_address>0x18fd</load_address>
         <run_address>0x18fd</run_address>
         <size>0x1ff</size>
         <input_file_ref idref="fl-c"/>
      </object_component>
      <object_component id="oc-3a7">
         <name>.debug_info</name>
         <load_address>0x1afc</load_address>
         <run_address>0x1afc</run_address>
         <size>0x212</size>
         <input_file_ref idref="fl-c"/>
      </object_component>
      <object_component id="oc-36f">
         <name>.debug_info</name>
         <load_address>0x1d0e</load_address>
         <run_address>0x1d0e</run_address>
         <size>0x20f</size>
         <input_file_ref idref="fl-c"/>
      </object_component>
      <object_component id="oc-3a1">
         <name>.debug_info</name>
         <load_address>0x1f1d</load_address>
         <run_address>0x1f1d</run_address>
         <size>0x1e3</size>
         <input_file_ref idref="fl-c"/>
      </object_component>
      <object_component id="oc-369">
         <name>.debug_info</name>
         <load_address>0x2100</load_address>
         <run_address>0x2100</run_address>
         <size>0x1c4</size>
         <input_file_ref idref="fl-c"/>
      </object_component>
      <object_component id="oc-35a">
         <name>.debug_info</name>
         <load_address>0x22c4</load_address>
         <run_address>0x22c4</run_address>
         <size>0x1c6</size>
         <input_file_ref idref="fl-c"/>
      </object_component>
      <object_component id="oc-4c0">
         <name>.debug_info</name>
         <load_address>0x248a</load_address>
         <run_address>0x248a</run_address>
         <size>0x172</size>
         <input_file_ref idref="fl-e"/>
      </object_component>
      <object_component id="oc-428">
         <name>.debug_info</name>
         <load_address>0x25fc</load_address>
         <run_address>0x25fc</run_address>
         <size>0x202</size>
         <input_file_ref idref="fl-e"/>
      </object_component>
      <object_component id="oc-44f">
         <name>.debug_info</name>
         <load_address>0x27fe</load_address>
         <run_address>0x27fe</run_address>
         <size>0x1ee</size>
         <input_file_ref idref="fl-e"/>
      </object_component>
      <object_component id="oc-45b">
         <name>.debug_info</name>
         <load_address>0x29ec</load_address>
         <run_address>0x29ec</run_address>
         <size>0x1ae</size>
         <input_file_ref idref="fl-e"/>
      </object_component>
      <object_component id="oc-455">
         <name>.debug_info</name>
         <load_address>0x2b9a</load_address>
         <run_address>0x2b9a</run_address>
         <size>0x1de</size>
         <input_file_ref idref="fl-e"/>
      </object_component>
      <object_component id="oc-42e">
         <name>.debug_info</name>
         <load_address>0x2d78</load_address>
         <run_address>0x2d78</run_address>
         <size>0x1bf</size>
         <input_file_ref idref="fl-e"/>
      </object_component>
      <object_component id="oc-41f">
         <name>.debug_info</name>
         <load_address>0x2f37</load_address>
         <run_address>0x2f37</run_address>
         <size>0x1c1</size>
         <input_file_ref idref="fl-e"/>
      </object_component>
      <object_component id="oc-4b4">
         <name>.debug_info</name>
         <load_address>0x30f8</load_address>
         <run_address>0x30f8</run_address>
         <size>0x171</size>
         <input_file_ref idref="fl-10"/>
      </object_component>
      <object_component id="oc-413">
         <name>.debug_info</name>
         <load_address>0x3269</load_address>
         <run_address>0x3269</run_address>
         <size>0x10b</size>
         <input_file_ref idref="fl-10"/>
      </object_component>
      <object_component id="oc-34e">
         <name>.debug_info</name>
         <load_address>0x3374</load_address>
         <run_address>0x3374</run_address>
         <size>0x263</size>
         <input_file_ref idref="fl-10"/>
      </object_component>
      <object_component id="oc-354">
         <name>.debug_info</name>
         <load_address>0x35d7</load_address>
         <run_address>0x35d7</run_address>
         <size>0x262</size>
         <input_file_ref idref="fl-10"/>
      </object_component>
      <object_component id="oc-274">
         <name>.debug_info</name>
         <load_address>0x3839</load_address>
         <run_address>0x3839</run_address>
         <size>0x1be</size>
         <input_file_ref idref="fl-1e"/>
      </object_component>
      <object_component id="oc-389">
         <name>.debug_info</name>
         <load_address>0x39f7</load_address>
         <run_address>0x39f7</run_address>
         <size>0x295</size>
         <input_file_ref idref="fl-1f"/>
      </object_component>
      <object_component id="oc-286">
         <name>.debug_info</name>
         <load_address>0x3c8c</load_address>
         <run_address>0x3c8c</run_address>
         <size>0x14f</size>
         <input_file_ref idref="fl-1f"/>
      </object_component>
      <object_component id="oc-37d">
         <name>.debug_info</name>
         <load_address>0x3ddb</load_address>
         <run_address>0x3ddb</run_address>
         <size>0x140</size>
         <input_file_ref idref="fl-1f"/>
      </object_component>
      <object_component id="oc-383">
         <name>.debug_info</name>
         <load_address>0x3f1b</load_address>
         <run_address>0x3f1b</run_address>
         <size>0x18f</size>
         <input_file_ref idref="fl-1f"/>
      </object_component>
      <object_component id="oc-482">
         <name>.debug_info</name>
         <load_address>0x40aa</load_address>
         <run_address>0x40aa</run_address>
         <size>0x157</size>
         <input_file_ref idref="fl-1f"/>
      </object_component>
      <object_component id="oc-2d0">
         <name>.debug_info</name>
         <load_address>0x4201</load_address>
         <run_address>0x4201</run_address>
         <size>0x1b3</size>
         <input_file_ref idref="fl-1f"/>
      </object_component>
      <object_component id="oc-47b">
         <name>.debug_info</name>
         <load_address>0x43b4</load_address>
         <run_address>0x43b4</run_address>
         <size>0x1a1</size>
         <input_file_ref idref="fl-1f"/>
      </object_component>
      <object_component id="oc-4d6">
         <name>.debug_info</name>
         <load_address>0x4555</load_address>
[...]
      </symbol>
      <symbol id="sm-527">
         <name>aes_encrypt</name>
         <value>0x12cd6</value>
         <object_component_ref idref="oc-46d"/>
      </symbol>
      <symbol id="sm-528">
         <name>aes_decr</name>
         <value>0x10000</value>
         <object_component_ref idref="oc-4da"/>
      </symbol>
      <symbol id="sm-55c">
         <name>nwk_header</name>
         <value>0x1e32</value>
      </symbol>
      <symbol id="sm-55d">
         <name>_Modify_Packet_Header</name>
         <value>0x129e4</value>
         <object_component_ref idref="oc-3d7"/>
      </symbol>
      <symbol id="sm-55e">
         <name>Radio_Send_Data</name>
         <value>0x117fc</value>
         <object_component_ref idref="oc-305"/>
      </symbol>
      <symbol id="sm-55f">
         <name>Radio_Receive_Data</name>
         <value>0x118f6</value>
         <object_component_ref idref="oc-31b"/>
      </symbol>
      <symbol id="sm-578">
         <name>encryption_key</name>
         <value>0x1e56</value>
         <object_component_ref idref="oc-46a"/>
      </symbol>
      <symbol id="sm-579">
         <name>Payload_Encrypt</name>
         <value>0x12e96</value>
         <object_component_ref idref="oc-3dd"/>
      </symbol>
      <symbol id="sm-57a">
         <name>Payload_Decrypt</name>
         <value>0x12e8a</value>
         <object_component_ref idref="oc-3ef"/>
      </symbol>
      <symbol id="sm-5e8">
         <name>P_VALUE_CH_</name>
         <value>0x4ba8</value>
         <object_component_ref idref="oc-38e"/>
      </symbol>
      <symbol id="sm-5e9">
         <name>_Add_Address_To_Packet</name>
         <value>0x129a4</value>
         <object_component_ref idref="oc-474"/>
      </symbol>
      <symbol id="sm-5ea">
         <name>R_VALUE_CH_</name>
         <value>0x4bbe</value>
         <object_component_ref idref="oc-38b"/>
      </symbol>
      <symbol id="sm-5eb">
         <name>S_VALUE_CH_</name>
         <value>0x4bd4</value>
         <object_component_ref idref="oc-391"/>
      </symbol>
      <symbol id="sm-5ec">
         <name>Radio_Set_Mode</name>
         <value>0x1257e</value>
         <object_component_ref idref="oc-2f4"/>
      </symbol>
      <symbol id="sm-5ed">
         <name>Radio_Set_TxPower</name>
         <value>0x12e3a</value>
         <object_component_ref idref="oc-2df"/>
      </symbol>
      <symbol id="sm-5ee">
         <name>vcotune</name>
         <value>0x4bbd</value>
         <object_component_ref idref="oc-394"/>
      </symbol>
      <symbol id="sm-5ef">
         <name>Radio_Init</name>
         <value>0x10f5a</value>
         <object_component_ref idref="oc-28b"/>
      </symbol>
      <symbol id="sm-5f0">
         <name>Radio_Rx</name>
         <value>0x11f0a</value>
         <object_component_ref idref="oc-3e9"/>
      </symbol>
      <symbol id="sm-5f1">
         <name>Radio_Set_Channel</name>
         <value>0x12160</value>
         <object_component_ref idref="oc-291"/>
      </symbol>
      <symbol id="sm-5f2">
         <name>Radio_Tx</name>
         <value>0x11e62</value>
         <object_component_ref idref="oc-3e3"/>
      </symbol>
      <symbol id="sm-5fe">
         <name>__TI_int39</name>
         <value>0xffde</value>
         <object_component_ref idref="oc-89"/>
      </symbol>
      <symbol id="sm-5ff">
         <name>Port_1</name>
         <value>0x488c</value>
         <object_component_ref idref="oc-101"/>
      </symbol>
      <symbol id="sm-619">
         <name>Spi_Send</name>
         <value>0x12c18</value>
         <object_component_ref idref="oc-3be"/>
      </symbol>
      <symbol id="sm-61a">
         <name>SPI_Init</name>
         <value>0x12264</value>
         <object_component_ref idref="oc-375"/>
      </symbol>
      <symbol id="sm-671">
         <name>cByteToHex</name>
         <value>0x11cf8</value>
         <object_component_ref idref="oc-399"/>
      </symbol>
      <symbol id="sm-672">
         <name>System_Init</name>
         <value>0x12042</value>
         <object_component_ref idref="oc-193"/>
      </symbol>
      <symbol id="sm-673">
         <name>String_To_Int</name>
         <value>0x125e4</value>
         <object_component_ref idref="oc-2c3"/>
      </symbol>
      <symbol id="sm-674">
         <name>System_Reset</name>
         <value>0x12ecc</value>
         <object_component_ref idref="oc-1f9"/>
      </symbol>
      <symbol id="sm-675">
         <name>System_Set_Speed</name>
         <value>0x12a98</value>
         <object_component_ref idref="oc-279"/>
      </symbol>
      <symbol id="sm-676">
         <name>Trans_Int</name>
         <value>0x121e4</value>
         <object_component_ref idref="oc-3b1"/>
      </symbol>
      <symbol id="sm-6dc">
         <name>uart_rcv_byte</name>
         <value>0x1e3d</value>
      </symbol>
      <symbol id="sm-6dd">
         <name>Clear_Uart_Data_Buf</name>
         <value>0x12d48</value>
         <object_component_ref idref="oc-1ff"/>
      </symbol>
      <symbol id="sm-6de">
         <name>Check_Uart_Answer</name>
         <value>0x12d2e</value>
         <object_component_ref idref="oc-217"/>
      </symbol>
      <symbol id="sm-6df">
         <name>__TI_int48</name>
         <value>0xfff0</value>
         <object_component_ref idref="oc-92"/>
      </symbol>
      <symbol id="sm-6e0">
         <name>UART_Send_Data</name>
         <value>0x12d94</value>
         <object_component_ref idref="oc-1a3"/>
      </symbol>
      <symbol id="sm-6e1">
         <name>UART_Send_Byte</name>
         <value>0x12c3a</value>
         <object_component_ref idref="oc-2a2"/>
      </symbol>
      <symbol id="sm-6e2">
         <name>USCI_A0_ISR</name>
         <value>0x4800</value>
         <object_component_ref idref="oc-107"/>
      </symbol>
      <symbol id="sm-6e3">
         <name>Clear_Work_Data_Buf</name>
         <value>0x12a62</value>
         <object_component_ref idref="oc-205"/>
      </symbol>
      <symbol id="sm-6e4">
         <name>uart_index</name>
         <value>0x1ebf</value>
         <object_component_ref idref="oc-169"/>
      </symbol>
      <symbol id="sm-6e5">
         <name>Check_Uart_Answer_Block</name>
         <value>0x12c9a</value>
         <object_component_ref idref="oc-1b1"/>
      </symbol>
      <symbol id="sm-6e6">
         <name>UART_Init</name>
         <value>0x122e2</value>
         <object_component_ref idref="oc-27f"/>
      </symbol>
      <symbol id="sm-6e7">
         <name>UART_Send_ByteToChar</name>
         <value>0x12b6a</value>
         <object_component_ref idref="oc-29a"/>
      </symbol>
      <symbol id="sm-7b8">
         <name>remote_addr_p</name>
         <value>0x1e24</value>
      </symbol>
      <symbol id="sm-7b9">
         <name>encryption_p</name>
         <value>0x1e20</value>
      </symbol>
      <symbol id="sm-7ba">
         <name>ack_p</name>
         <value>0x1e1c</value>
      </symbol>
      <symbol id="sm-7bb">
         <name>remote_addr</name>
         <value>0x1e34</value>
      </symbol>
      <symbol id="sm-7bc">
         <name>encryption</name>
         <value>0x1e39</value>
      </symbol>
      <symbol id="sm-7bd">
         <name>ack</name>
         <value>0x1e36</value>
      </symbol>
      <symbol id="sm-7be">
         <name>payload_length</name>
         <value>0x1e3b</value>
      </symbol>
      <symbol id="sm-7bf">
         <name>Print_Error</name>
         <value>0x127a2</value>
         <object_component_ref idref="oc-19c"/>
      </symbol>
      <symbol id="sm-7c0">
         <name>CMD_AT_RST</name>
         <value>0x1ec0</value>
         <object_component_ref idref="oc-21d"/>
      </symbol>
      <symbol id="sm-7c1">
         <name>ANSW_ERROR_UNK_CMD</name>
         <value>0x1e3e</value>
         <object_component_ref idref="oc-2fa"/>
      </symbol>
      <symbol id="sm-7c2">
         <name>Set_Rf_Local_Address</name>
         <value>0x1269c</value>
         <object_component_ref idref="oc-1e4"/>
      </symbol>
      <symbol id="sm-7c3">
         <name>Set_Network_Address</name>
         <value>0x11468</value>
         <object_component_ref idref="oc-1c0"/>
      </symbol>
      <symbol id="sm-7c4">
         <name>ANSW_OK</name>
         <value>0x1ed0</value>
         <object_component_ref idref="oc-1f6"/>
      </symbol>
      <symbol id="sm-7c5">
         <name>CMD_AT_RFMODE</name>
         <value>0x1e8c</value>
         <object_component_ref idref="oc-1b7"/>
      </symbol>
      <symbol id="sm-7c6">
         <name>CMD_AT_RFPOWER</name>
         <value>0x1e80</value>
         <object_component_ref idref="oc-1cc"/>
      </symbol>
      <symbol id="sm-7c7">
         <name>Receive_Rf_Data</name>
         <value>0x116d6</value>
         <object_component_ref idref="oc-20e"/>
      </symbol>
      <symbol id="sm-7c8">
         <name>Set_Rf_Data_Rate</name>
         <value>0x11dae</value>
         <object_component_ref idref="oc-1d2"/>
      </symbol>
      <symbol id="sm-7c9">
         <name>CMD_AT_RFDRATE</name>
         <value>0x1e74</value>
         <object_component_ref idref="oc-1cf"/>
      </symbol>
      <symbol id="sm-7ca">
         <name>Set_Rf_Mode</name>
         <value>0x11ab6</value>
         <object_component_ref idref="oc-1ea"/>
      </symbol>
      <symbol id="sm-7cb">
         <name>CMD_AT</name>
         <value>0x1ede</value>
         <object_component_ref idref="oc-214"/>
      </symbol>
      <symbol id="sm-7cc">
         <name>_Validate_Address</name>
         <value>0x12ea2</value>
         <object_component_ref idref="oc-2c9"/>
      </symbol>
      <symbol id="sm-7cd">
         <name>ANSW_ERROR</name>
         <value>0x1eb8</value>
         <object_component_ref idref="oc-1c6"/>
      </symbol>
      <symbol id="sm-7ce">
         <name>CMD_AT_RFCHANNEL</name>
         <value>0x1e66</value>
         <object_component_ref idref="oc-1c9"/>
      </symbol>
      <symbol id="sm-7cf">
         <name>Set_Rf_Channel</name>
         <value>0x127f2</value>
         <object_component_ref idref="oc-1de"/>
      </symbol>
      <symbol id="sm-7d0">
         <name>radio_mode_receive</name>
         <value>0x1e97</value>
         <object_component_ref idref="oc-20b"/>
      </symbol>
      <symbol id="sm-7d1">
         <name>CMD_AT_RFLADDR</name>
         <value>0x1ea4</value>
         <object_component_ref idref="oc-1ba"/>
      </symbol>
      <symbol id="sm-7d2">
         <name>CMD_AT_RFSEND</name>
         <value>0x1e98</value>
         <object_component_ref idref="oc-1ae"/>
      </symbol>
      <symbol id="sm-7d3">
         <name>Send_Rf_Data</name>
         <value>0x11302</value>
         <object_component_ref idref="oc-1f0"/>
      </symbol>
      <symbol id="sm-7d4">
         <name>CMD_AT_RFNADDR</name>
         <value>0x1eae</value>
         <object_component_ref idref="oc-1bd"/>
      </symbol>
      <symbol id="sm-7d5">
         <name>CMD_AT_VER</name>
         <value>0x1ec8</value>
         <object_component_ref idref="oc-220"/>
      </symbol>
      <symbol id="sm-7d6">
         <name>Set_Rf_Power</name>
         <value>0x11c40</value>
         <object_component_ref idref="oc-1d8"/>
      </symbol>
      <symbol id="sm-7ec">
         <name>__TI_decompress_none</name>
         <value>0x12e4c</value>
         <object_component_ref idref="oc-74"/>
      </symbol>
      <symbol id="sm-80e">
         <name>__TI_decompress_rle24</name>
         <value>0x12eee</value>
         <object_component_ref idref="oc-7a"/>
      </symbol>
      <symbol id="sm-811">
         <name>__TI_int30</name>
         <value>0xffcc</value>
         <object_component_ref idref="oc-80"/>
      </symbol>
      <symbol id="sm-819">
         <name>__TI_ISR_TRAP</name>
         <value>0x48d2</value>
         <object_component_ref idref="oc-fc"/>
      </symbol>
      <symbol id="sm-81c">
         <name>__TI_int31</name>
         <value>0xffce</value>
         <object_component_ref idref="oc-81"/>
      </symbol>
      <symbol id="sm-81f">
         <name>__TI_int32</name>
         <value>0xffd0</value>
         <object_component_ref idref="oc-82"/>
      </symbol>
      <symbol id="sm-822">
         <name>__TI_int33</name>
         <value>0xffd2</value>
         <object_component_ref idref="oc-83"/>
      </symbol>
      <symbol id="sm-825">
         <name>__TI_int34</name>
         <value>0xffd4</value>
         <object_component_ref idref="oc-84"/>
      </symbol>
      <symbol id="sm-828">
         <name>__TI_int35</name>
         <value>0xffd6</value>
         <object_component_ref idref="oc-85"/>
      </symbol>
      <symbol id="sm-82b">
         <name>__TI_int36</name>
         <value>0xffd8</value>
         <object_component_ref idref="oc-86"/>
      </symbol>
      <symbol id="sm-82e">
         <name>__TI_int37</name>
         <value>0xffda</value>
         <object_component_ref idref="oc-87"/>
      </symbol>
      <symbol id="sm-831">
         <name>__TI_int38</name>
         <value>0xffdc</value>
         <object_component_ref idref="oc-88"/>
      </symbol>
      <symbol id="sm-834">
         <name>__TI_int40</name>
         <value>0xffe0</value>
         <object_component_ref idref="oc-8a"/>
      </symbol>
      <symbol id="sm-837">
         <name>__TI_int41</name>
         <value>0xffe2</value>
         <object_component_ref idref="oc-8b"/>
      </symbol>
      <symbol id="sm-83a">
         <name>__TI_int42</name>
         <value>0xffe4</value>
         <object_component_ref idref="oc-8c"/>
      </symbol>
      <symbol id="sm-83d">
         <name>__TI_int43</name>
         <value>0xffe6</value>
         <object_component_ref idref="oc-8d"/>
      </symbol>
      <symbol id="sm-840">
         <name>__TI_int44</name>
         <value>0xffe8</value>
         <object_component_ref idref="oc-8e"/>
      </symbol>
      <symbol id="sm-843">
         <name>__TI_int45</name>
         <value>0xffea</value>
         <object_component_ref idref="oc-8f"/>
      </symbol>
      <symbol id="sm-846">
         <name>__TI_int46</name>
         <value>0xffec</value>
         <object_component_ref idref="oc-90"/>
      </symbol>
      <symbol id="sm-849">
         <name>__TI_int47</name>
         <value>0xffee</value>
         <object_component_ref idref="oc-91"/>
      </symbol>
      <symbol id="sm-84c">
         <name>__TI_int49</name>
         <value>0xfff2</value>
         <object_component_ref idref="oc-93"/>
      </symbol>
      <symbol id="sm-84f">
         <name>__TI_int50</name>
         <value>0xfff4</value>
         <object_component_ref idref="oc-94"/>
      </symbol>
      <symbol id="sm-852">
         <name>__TI_int51</name>
         <value>0xfff6</value>
         <object_component_ref idref="oc-95"/>
      </symbol>
      <symbol id="sm-855">
         <name>__TI_int52</name>
         <value>0xfff8</value>
         <object_component_ref idref="oc-96"/>
      </symbol>
      <symbol id="sm-858">
         <name>__TI_int53</name>
         <value>0xfffa</value>
         <object_component_ref idref="oc-97"/>
      </symbol>
      <symbol id="sm-85b">
         <name>__TI_int54</name>
         <value>0xfffc</value>
         <object_component_ref idref="oc-98"/>
      </symbol>
      <symbol id="sm-86e">
         <name>__TI_zero_init</name>
         <value>0x12b8e</value>
         <object_component_ref idref="oc-99"/>
      </symbol>
      <symbol id="sm-87b">
         <name>__mspabi_remu</name>
         <value>0x12dc0</value>
         <object_component_ref idref="oc-53a"/>
      </symbol>
      <symbol id="sm-87c">
         <name>__mspabi_divu</name>
         <value>0x12dc0</value>
         <object_component_ref idref="oc-53a"/>
      </symbol>
      <symbol id="sm-88b">
         <name>__mspabi_remul</name>
         <value>0x126f4</value>
         <object_component_ref idref="oc-4ba"/>
      </symbol>
      <symbol id="sm-88c">
         <name>__mspabi_divul</name>
         <value>0x126f4</value>
         <object_component_ref idref="oc-4ba"/>
      </symbol>
      <symbol id="sm-89a">
         <name>__mspabi_mpyi_f5hw</name>
         <value>0x12dd6</value>
         <object_component_ref idref="oc-3b7"/>
      </symbol>
      <symbol id="sm-8d3">
         <name>_stack</name>
         <value>0x2360</value>
         <object_component_ref idref="oc-db"/>
      </symbol>
      <symbol id="sm-8d4">
         <name>_reset_vector</name>
         <value>0xfffe</value>
         <object_component_ref idref="oc-de"/>
      </symbol>
      <symbol id="sm-8f2">
         <name>_auto_init_hold_wdt</name>
         <value>0x12444</value>
         <object_component_ref idref="oc-11a"/>
      </symbol>
      <symbol id="sm-8fd">
         <name>_c_int00_noargs_noexit</name>
         <value>0x48b8</value>
         <object_component_ref idref="oc-b7"/>
      </symbol>
      <symbol id="sm-907">
         <name>_system_pre_init</name>
         <value>0x12ef4</value>
         <object_component_ref idref="oc-114"/>
      </symbol>
      <symbol id="sm-912">
         <name>C$$EXIT</name>
         <value>0x12ef8</value>
         <object_component_ref idref="oc-13c"/>
      </symbol>
      <symbol id="sm-913">
         <name>abort</name>
         <value>0x12ef8</value>
         <object_component_ref idref="oc-13c"/>
      </symbol>
      <symbol id="sm-92a">
         <name>_nop</name>
         <value>0x12efc</value>
         <object_component_ref idref="oc-261"/>
      </symbol>
      <symbol id="sm-92b">
         <name>_lock</name>
         <value>0x1ed6</value>
         <object_component_ref idref="oc-184"/>
      </symbol>
      <symbol id="sm-92c">
         <name>_unlock</name>
         <value>0x1eda</value>
         <object_component_ref idref="oc-18d"/>
      </symbol>
      <symbol id="sm-977">
         <name>_sys_memory</name>
         <value>0x4400</value>
         <object_component_ref idref="oc-df"/>
      </symbol>
      <symbol id="sm-978">
         <name>free</name>
         <value>0x120d2</value>
         <object_component_ref idref="oc-30b"/>
      </symbol>
      <symbol id="sm-979">
         <name>malloc</name>
         <value>0x11b86</value>
         <object_component_ref idref="oc-2e8"/>
      </symbol>
      <symbol id="sm-97a">
         <name>minit</name>
         <value>0x12962</value>
         <object_component_ref idref="oc-3c9"/>
      </symbol>
      <symbol id="sm-988">
         <name>memcpy</name>
         <value>0x12e14</value>
         <object_component_ref idref="oc-e2"/>
      </symbol>
      <symbol id="sm-9a9">
         <name>sprintf</name>
         <value>0x1291e</value>
         <object_component_ref idref="oc-321"/>
      </symbol>
      <symbol id="sm-a11">
         <name>__TI_printfi_minimal</name>
         <value>0x119e4</value>
         <object_component_ref idref="oc-406"/>
      </symbol>
      <symbol id="sm-a20">
         <name>memccpy</name>
         <value>0x12cf4</value>
         <object_component_ref idref="oc-4ee"/>
      </symbol>
      <symbol id="sm-a2e">
         <name>memset</name>
         <value>0x12daa</value>
         <object_component_ref idref="oc-4e1"/>
      </symbol>
      <symbol id="sm-a3c">
         <name>strcmp</name>
         <value>0x12d12</value>
         <object_component_ref idref="oc-32a"/>
      </symbol>
      <symbol id="sm-a49">
         <name>strcpy</name>
         <value>0x12e5e</value>
         <object_component_ref idref="oc-2ee"/>
      </symbol>
      <symbol id="sm-a56">
         <name>strlen</name>
         <value>0x12e70</value>
         <object_component_ref idref="oc-2bd"/>
      </symbol>
      <symbol id="sm-a66">
         <name>strncmp</name>
         <value>0x12ac6</value>
         <object_component_ref idref="oc-2af"/>
      </symbol>
      <symbol id="sm-a6b">
         <name>__TI_INITARRAY_Base</name>
         <value>0x0</value>
      </symbol>
      <symbol id="sm-a6c">
         <name>__TI_INITARRAY_Limit</name>
         <value>0x0</value>
      </symbol>
   </symbol_table>
   <title>Link successful</title>
</link_info>
