******************************************************************************
                  MSP430 Linker PC v4.4.6                      
******************************************************************************
>> Linked Fri Feb 12 11:26:45 2016

OUTPUT FILE NAME:   <MSP430FR5969_MRF89XA8_v0.1.out>
ENTRY POINT SYMBOL: "_c_int00_noargs_noexit"  address: 000048b8


MEMORY CONFIGURATION

         name            origin    length      used     unused   attr    fill
----------------------  --------  ---------  --------  --------  ----  --------
  SFR                   00000000   00000010  00000000  00000010  RWIX
  PERIPHERALS_8BIT      00000010   000000f0  00000000  000000f0  RWIX
  PERIPHERALS_16BIT     00000100   00000100  00000000  00000100  RWIX
  INFOD                 00001800   00000080  00000000  00000080  RWIX
  INFOC                 00001880   00000080  00000000  00000080  RWIX
  INFOB                 00001900   00000080  00000000  00000080  RWIX
  INFOA                 00001980   00000080  00000000  00000080  RWIX
  RAM                   00001c00   00000800  00000384  0000047c  RWIX
  FRAM                  00004400   0000bb80  000008f9  0000b287  RWIX
  JTAGSIGNATURE         0000ff80   00000004  00000004  00000000  RWIX  ffff 
  BSLSIGNATURE          0000ff84   00000004  00000004  00000000  RWIX  ffff 
  IPESIGNATURE          0000ff88   00000008  00000008  00000000  RWIX  ffff 
  INT00                 0000ff90   00000002  00000000  00000002  RWIX
  INT01                 0000ff92   00000002  00000000  00000002  RWIX
  INT02                 0000ff94   00000002  00000000  00000002  RWIX
  INT03                 0000ff96   00000002  00000000  00000002  RWIX
  INT04                 0000ff98   00000002  00000000  00000002  RWIX
  INT05                 0000ff9a   00000002  00000000  00000002  RWIX
  INT06                 0000ff9c   00000002  00000000  00000002  RWIX
  INT07                 0000ff9e   00000002  00000000  00000002  RWIX
  INT08                 0000ffa0   00000002  00000000  00000002  RWIX
  INT09                 0000ffa2   00000002  00000000  00000002  RWIX
  INT10                 0000ffa4   00000002  00000000  00000002  RWIX
  INT11                 0000ffa6   00000002  00000000  00000002  RWIX
  INT12                 0000ffa8   00000002  00000000  00000002  RWIX
  INT13                 0000ffaa   00000002  00000000  00000002  RWIX
  INT14                 0000ffac   00000002  00000000  00000002  RWIX
  INT15                 0000ffae   00000002  00000000  00000002  RWIX
  INT16                 0000ffb0   00000002  00000000  00000002  RWIX
  INT17                 0000ffb2   00000002  00000000  00000002  RWIX
  INT18                 0000ffb4   00000002  00000000  00000002  RWIX
  INT19                 0000ffb6   00000002  00000000  00000002  RWIX
  INT20                 0000ffb8   00000002  00000000  00000002  RWIX
  INT21                 0000ffba   00000002  00000000  00000002  RWIX
  INT22                 0000ffbc   00000002  00000000  00000002  RWIX
  INT23                 0000ffbe   00000002  00000000  00000002  RWIX
  INT24                 0000ffc0   00000002  00000000  00000002  RWIX
  INT25                 0000ffc2   00000002  00000000  00000002  RWIX
  INT26                 0000ffc4   00000002  00000000  00000002  RWIX
  INT27                 0000ffc6   00000002  00000000  00000002  RWIX
  INT28                 0000ffc8   00000002  00000000  00000002  RWIX
  INT29                 0000ffca   00000002  00000000  00000002  RWIX
  INT30                 0000ffcc   00000002  00000002  00000000  RWIX
  INT31                 0000ffce   00000002  00000002  00000000  RWIX
  INT32                 0000ffd0   00000002  00000002  00000000  RWIX
  INT33                 0000ffd2   00000002  00000002  00000000  RWIX
  INT34                 0000ffd4   00000002  00000002  00000000  RWIX
  INT35                 0000ffd6   00000002  00000002  00000000  RWIX
  INT36                 0000ffd8   00000002  00000002  00000000  RWIX
  INT37                 0000ffda   00000002  00000002  00000000  RWIX
  INT38                 0000ffdc   00000002  00000002  00000000  RWIX
  INT39                 0000ffde   00000002  00000002  00000000  RWIX
  INT40                 0000ffe0   00000002  00000002  00000000  RWIX
  INT41                 0000ffe2   00000002  00000002  00000000  RWIX
  INT42                 0000ffe4   00000002  00000002  00000000  RWIX
  INT43                 0000ffe6   00000002  00000002  00000000  RWIX
  INT44                 0000ffe8   00000002  00000002  00000000  RWIX
  INT45                 0000ffea   00000002  00000002  00000000  RWIX
  INT46                 0000ffec   00000002  00000002  00000000  RWIX
  INT47                 0000ffee   00000002  00000002  00000000  RWIX
  INT48                 0000fff0   00000002  00000002  00000000  RWIX
  INT49                 0000fff2   00000002  00000002  00000000  RWIX
  INT50                 0000fff4   00000002  00000002  00000000  RWIX
  INT51                 0000fff6   00000002  00000002  00000000  RWIX
  INT52                 0000fff8   00000002  00000002  00000000  RWIX
  INT53                 0000fffa   00000002  00000002  00000000  RWIX
  INT54                 0000fffc   00000002  00000002  00000000  RWIX
  RESET                 0000fffe   00000002  00000002  00000000  RWIX
  FRAM2                 00010000   00004000  00002f08  000010f8  RWIX


SECTION ALLOCATION MAP

 output                                  attributes/
section   page    origin      length       input sections
--------  ----  ----------  ----------   ----------------
.bss       0    00001c00    0000023e     UNINITIALIZED
                  00001c00    00000100     (.common:data_p)
                  00001d00    00000040     (.common:RxPacket)
                  00001d40    00000040     (.common:TxPacket)
                  00001d80    00000040     (.common:uart_data)
                  00001dc0    00000040     (.common:uart_rcv_buf)
                  00001e00    0000001c     (.common:rf_data)
                  00001e1c    00000004     (.common:ack_p)
                  00001e20    00000004     (.common:encryption_p)
                  00001e24    00000004     (.common:remote_addr_p)
                  00001e28    00000004     (.common:sys_base)
                  00001e2c    00000004     (.common:sys_free)
                  00001e30    00000002     (.common:memsize)
                  00001e32    00000002     (.common:nwk_header)
                  00001e34    00000002     (.common:remote_addr)
                  00001e36    00000001     (.common:ack)
                  00001e37    00000001     (.common:data_rcv_flag)
                  00001e38    00000001     (.common:dummy)
                  00001e39    00000001     (.common:encryption)
                  00001e3a    00000001     (.common:packet_len)
                  00001e3b    00000001     (.common:payload_length)
                  00001e3c    00000001     (.common:rssi_rx)
                  00001e3d    00000001     (.common:uart_rcv_byte)

.data      0    00001e3e    000000a6     UNINITIALIZED
                  00001e3e    00000018     commands.obj (.data:ANSW_ERROR_UNK_CMD)
                  00001e56    00000010     nwk_security.obj (.data:encryption_key)
                  00001e66    0000000e     commands.obj (.data:CMD_AT_RFCHANNEL)
                  00001e74    0000000c     commands.obj (.data:CMD_AT_RFDRATE)
                  00001e80    0000000c     commands.obj (.data:CMD_AT_RFPOWER)
                  00001e8c    0000000b     commands.obj (.data:CMD_AT_RFMODE)
                  00001e97    00000001     commands.obj (.data)
                  00001e98    0000000b     commands.obj (.data:CMD_AT_RFSEND)
                  00001ea3    00000001     main.obj (.data)
                  00001ea4    0000000a     commands.obj (.data:CMD_AT_RFLADDR)
                  00001eae    0000000a     commands.obj (.data:CMD_AT_RFNADDR)
                  00001eb8    00000007     commands.obj (.data:ANSW_ERROR)
                  00001ebf    00000001     uart.obj (.data)
                  00001ec0    00000007     commands.obj (.data:CMD_AT_RST)
                  00001ec7    00000001     --HOLE--
                  00001ec8    00000007     commands.obj (.data:CMD_AT_VER)
                  00001ecf    00000001     --HOLE--
                  00001ed0    00000005     commands.obj (.data:ANSW_OK)
                  00001ed5    00000001     --HOLE--
                  00001ed6    00000004     rts430x_lc_rd_eabi.lib : _lock.obj (.data:_lock)
                  00001eda    00000004                            : _lock.obj (.data:_unlock)
                  00001ede    00000003     commands.obj (.data:CMD_AT)
                  00001ee1    00000001     --HOLE--
                  00001ee2    00000002     rts430x_lc_rd_eabi.lib : memory.obj (.data)

.stack     0    00002360    000000a0     UNINITIALIZED
                  00002360    00000004     rts430x_lc_rd_eabi.lib : boot.obj (.stack)
                  00002364    0000009c     --HOLE--

.TI.persistent 
*          0    00004400    00000000     UNINITIALIZED

.cio       0    00004400    00000000     UNINITIALIZED

.sysmem    0    00004400    000000a0     UNINITIALIZED
                  00004400    00000006     rts430x_lc_rd_eabi.lib : memory.obj (.sysmem)
                  00004406    0000009a     --HOLE--

.ipestruct 
*          0    00004800    00000000     UNINITIALIZED

.ipe       0    00004800    00000000     UNINITIALIZED

.ipe_const 
*          0    00004800    00000000     UNINITIALIZED

.ipe:_isr 
*          0    00004800    00000000     UNINITIALIZED

.ipe_vars 
*          0    00004800    00000000     UNINITIALIZED

.cinit     0    00004c2c    000000ce     
                  00004c2c    000000ac     (.cinit..data.load) [load image, compression = rle]
                  00004cd8    0000000c     (__TI_handler_table)
                  00004ce4    00000006     (.cinit..bss.load) [load image, compression = zero_init]
                  00004cea    00000010     (__TI_cinit_table)

.init_array 
*          0    00004400    00000000     UNINITIALIZED

.text:_isr 
*          0    00004800    000000d8     
                  00004800    0000008c     uart.obj (.text:_isr:USCI_A0_ISR)
                  0000488c    0000002c     gpio.obj (.text:_isr:Port_1)
                  000048b8    0000001a     rts430x_lc_rd_eabi.lib : boot_special.obj (.text:_isr:_c_int00_noargs_noexit)
                  000048d2    00000006                            : isr_trap.obj (.text:_isr:__TI_ISR_TRAP)

.const     0    000048d8    00000353     
                  000048d8    00000100     aes.obj (.const:.string:rsbox)
                  000049d8    00000100     aes.obj (.const:.string:sbox)
                  00004ad8    00000068     commands.obj (.const:.string)
                  00004b40    0000004c     main.obj (.const:.string)
                  00004b8c    0000001c     gpio.obj (.const:GPIO_PORT_TO_BASE)
                  00004ba8    00000015     radio.obj (.const:.string:P_VALUE_CH_)
                  00004bbd    00000001     radio.obj (.const)
                  00004bbe    00000015     radio.obj (.const:.string:R_VALUE_CH_)
                  00004bd3    00000001     --HOLE-- [fill = 0]
                  00004bd4    00000015     radio.obj (.const:.string:S_VALUE_CH_)
                  00004be9    00000001     --HOLE-- [fill = 0]
                  00004bea    00000014     rts430x_lc_rd_eabi.lib : _printfi_min.obj (.const:.string)
                  00004bfe    00000012     spi.obj (.const)
                  00004c10    00000010     uart.obj (.const)
                  00004c20    0000000b     aes.obj (.const:.string:Rcon)

$fill000   0    0000ff80    00000004     
                  0000ff80    00000004     --HOLE-- [fill = ffff]

$fill001   0    0000ff84    00000004     
                  0000ff84    00000004     --HOLE-- [fill = ffff]

$fill002   0    0000ff88    00000008     
                  0000ff88    00000008     --HOLE-- [fill = ffff]

AES256     0    0000ffcc    00000002     
                  0000ffcc    00000002     rts430x_lc_rd_eabi.lib : int30.obj (.int30)

RTC        0    0000ffce    00000002     
                  0000ffce    00000002     rts430x_lc_rd_eabi.lib : int31.obj (.int31)

PORT4      0    0000ffd0    00000002     
                  0000ffd0    00000002     rts430x_lc_rd_eabi.lib : int32.obj (.int32)

PORT3      0    0000ffd2    00000002     
                  0000ffd2    00000002     rts430x_lc_rd_eabi.lib : int33.obj (.int33)

TIMER3_A1 
*          0    0000ffd4    00000002     
                  0000ffd4    00000002     rts430x_lc_rd_eabi.lib : int34.obj (.int34)

TIMER3_A0 
*          0    0000ffd6    00000002     
                  0000ffd6    00000002     rts430x_lc_rd_eabi.lib : int35.obj (.int35)

PORT2      0    0000ffd8    00000002     
                  0000ffd8    00000002     rts430x_lc_rd_eabi.lib : int36.obj (.int36)

TIMER2_A1 
*          0    0000ffda    00000002     
                  0000ffda    00000002     rts430x_lc_rd_eabi.lib : int37.obj (.int37)

TIMER2_A0 
*          0    0000ffdc    00000002     
                  0000ffdc    00000002     rts430x_lc_rd_eabi.lib : int38.obj (.int38)

PORT1      0    0000ffde    00000002     
                  0000ffde    00000002     gpio.obj (.int39)

TIMER1_A1 
*          0    0000ffe0    00000002     
                  0000ffe0    00000002     rts430x_lc_rd_eabi.lib : int40.obj (.int40)

TIMER1_A0 
*          0    0000ffe2    00000002     
                  0000ffe2    00000002     rts430x_lc_rd_eabi.lib : int41.obj (.int41)

DMA        0    0000ffe4    00000002     
                  0000ffe4    00000002     rts430x_lc_rd_eabi.lib : int42.obj (.int42)

USCI_A1    0    0000ffe6    00000002     
                  0000ffe6    00000002     rts430x_lc_rd_eabi.lib : int43.obj (.int43)

TIMER0_A1 
*          0    0000ffe8    00000002     
                  0000ffe8    00000002     rts430x_lc_rd_eabi.lib : int44.obj (.int44)

TIMER0_A0 
*          0    0000ffea    00000002     
                  0000ffea    00000002     rts430x_lc_rd_eabi.lib : int45.obj (.int45)

ADC12      0    0000ffec    00000002     
                  0000ffec    00000002     rts430x_lc_rd_eabi.lib : int46.obj (.int46)

USCI_B0    0    0000ffee    00000002     
                  0000ffee    00000002     rts430x_lc_rd_eabi.lib : int47.obj (.int47)

USCI_A0    0    0000fff0    00000002     
                  0000fff0    00000002     uart.obj (.int48)

WDT        0    0000fff2    00000002     
                  0000fff2    00000002     rts430x_lc_rd_eabi.lib : int49.obj (.int49)

TIMER0_B1 
*          0    0000fff4    00000002     
                  0000fff4    00000002     rts430x_lc_rd_eabi.lib : int50.obj (.int50)

TIMER0_B0 
*          0    0000fff6    00000002     
                  0000fff6    00000002     rts430x_lc_rd_eabi.lib : int51.obj (.int51)

COMP_E     0    0000fff8    00000002     
                  0000fff8    00000002     rts430x_lc_rd_eabi.lib : int52.obj (.int52)

UNMI       0    0000fffa    00000002     
                  0000fffa    00000002     rts430x_lc_rd_eabi.lib : int53.obj (.int53)

SYSNMI     0    0000fffc    00000002     
                  0000fffc    00000002     rts430x_lc_rd_eabi.lib : int54.obj (.int54)

.reset     0    0000fffe    00000002     
                  0000fffe    00000002     rts430x_lc_rd_eabi.lib : boot.obj (.reset)

.text      0    00010000    00002f08     
                  00010000    0000068a     aes.obj (.text:aes_decr)
                  0001068a    00000584     aes.obj (.text:aes_encr)
                  00010c0e    0000034c     aes.obj (.text:expandKey)
                  00010f5a    00000220     radio.obj (.text:Radio_Init)
                  0001117a    00000192     main.obj (.text:main)
                  0001130c    00000166     commands.obj (.text:Send_Rf_Data)
                  00011472    0000013c     commands.obj (.text:Set_Network_Address)
                  000115ae    00000132     rts430x_lc_rd_eabi.lib : _printfi_min.obj (.text:_setfield)
                  000116e0    00000126     commands.obj (.text:Receive_Rf_Data)
                  00011806    000000fa     nwk_radio.obj (.text:Radio_Send_Data)
                  00011900    000000ee     nwk_radio.obj (.text:Radio_Receive_Data)
                  000119ee    000000d2     rts430x_lc_rd_eabi.lib : _printfi_min.obj (.text:__TI_printfi_minimal)
                  00011ac0    000000d0     commands.obj (.text:Set_Rf_Mode)
                  00011b90    000000ba     rts430x_lc_rd_eabi.lib : memory.obj (.text:malloc)
                  00011c4a    000000b8     commands.obj (.text:Set_Rf_Power)
                  00011d02    000000b6     system.obj (.text:cByteToHex)
                  00011db8    000000b4     commands.obj (.text:Set_Rf_Data_Rate)
                  00011e6c    000000a8     radio.obj (.text:Radio_Tx)
                  00011f14    0000009e     radio.obj (.text:Radio_Rx)
                  00011fb2    0000009a     eusci_a_uart.obj (.text:EUSCI_A_UART_init)
                  0001204c    00000090     system.obj (.text:System_Init)
                  000120dc    0000008e     rts430x_lc_rd_eabi.lib : memory.obj (.text:free)
                  0001216a    00000084     radio.obj (.text:Radio_Set_Channel)
                  000121ee    00000080     system.obj (.text:Trans_Int)
                  0001226e    0000007e     spi.obj (.text:SPI_Init)
                  000122ec    0000007e     uart.obj (.text:UART_Init)
                  0001236a    00000072     gpio.obj (.text:GPIO_setAsPeripheralModuleFunctionInputPin)
                  000123dc    00000072     gpio.obj (.text:GPIO_setAsPeripheralModuleFunctionOutputPin)
                  0001244e    0000006c     rts430x_lc_rd_eabi.lib : autoinit_wdt.obj (.text:_auto_init_hold_wdt)
                  000124ba    00000068                            : copy_decompress_rle.obj (.text:__TI_decompress_rle_core)
                  00012522    00000066     cs.obj (.text:CS_initClockSignal)
                  00012588    00000066     radio.obj (.text:Radio_Set_Mode)
                  000125ee    0000005e     system.obj (.text:String_To_Int)
                  0001264c    0000005a     rts430x_lc_rd_eabi.lib : _printfi_min.obj (.text:_ltostr)
                  000126a6    00000058     commands.obj (.text:Set_Rf_Local_Address)
                  000126fe    00000058     rts430x_lc_rd_eabi.lib : div32u.obj (.text)
                  00012756    00000056     eusci_b_spi.obj (.text:EUSCI_B_SPI_initMaster)
                  000127ac    00000050     commands.obj (.text:Print_Error)
                  000127fc    00000050     commands.obj (.text:Set_Rf_Channel)
                  0001284c    0000004c     rts430x_lc_rd_eabi.lib : _printfi_min.obj (.text:_pproc_diouxp)
                  00012898    00000048     rf_spi.obj (.text:RF_IRQ_Init)
                  000128e0    00000048     rts430x_lc_rd_eabi.lib : _printfi_min.obj (.text:_pproc_str)
                  00012928    00000044                            : sprintf.obj (.text:sprintf)
                  0001296c    00000042                            : memory.obj (.text:minit)
                  000129ae    00000040     radio.obj (.text:_Add_Address_To_Packet)
                  000129ee    00000040     nwk_radio.obj (.text:_Modify_Packet_Header)
                  00012a2e    0000003e     rts430x_lc_rd_eabi.lib : _printfi_min.obj (.text:_getarg_diouxp)
                  00012a6c    00000036     uart.obj (.text:Clear_Work_Data_Buf)
                  00012aa2    0000002e     system.obj (.text:System_Set_Speed)
                  00012ad0    0000002e     rts430x_lc_rd_eabi.lib : strncmp.obj (.text:strncmp)
                  00012afe    0000002a     rf_spi.obj (.text:SPI_Conf_Write_Register)
                  00012b28    00000028     rf_spi.obj (.text:SPI_Conf_Read_Register)
                  00012b50    00000024     rf_spi.obj (.text:SPI_Data_Write)
                  00012b74    00000024     uart.obj (.text:UART_Send_ByteToChar)
                  00012b98    00000024     rts430x_lc_rd_eabi.lib : copy_zero_init.obj (.text:decompress:ZI:__TI_zero_init)
                  00012bbc    00000022     eusci_a_uart.obj (.text:EUSCI_A_UART_enableInterrupt)
                  00012bde    00000022     eusci_a_uart.obj (.text:EUSCI_A_UART_transmitData)
                  00012c00    00000022     rf_spi.obj (.text:RF_SPI_Init)
                  00012c22    00000022     spi.obj (.text:Spi_Send)
                  00012c44    00000020     uart.obj (.text:UART_Send_Byte)
                  00012c64    00000020     wdt_a.obj (.text:WDT_A_hold)
                  00012c84    00000020     rts430x_lc_rd_eabi.lib : sprintf.obj (.text:_outs)
                  00012ca4    0000001e     uart.obj (.text:Check_Uart_Answer_Block)
                  00012cc2    0000001e     aes.obj (.text:aes_decrypt)
                  00012ce0    0000001e     aes.obj (.text:aes_encrypt)
                  00012cfe    0000001e     rts430x_lc_rd_eabi.lib : memccpy.obj (.text:memccpy)
                  00012d1c    0000001c                            : strcmp.obj (.text:strcmp)
                  00012d38    0000001a     uart.obj (.text:Check_Uart_Answer)
                  00012d52    0000001a     uart.obj (.text:Clear_Uart_Data_Buf)
                  00012d6c    0000001a     rts430x_lc_rd_eabi.lib : _printfi_min.obj (.text:_div)
                  00012d86    00000018     aes.obj (.text:galois_mul2)
                  00012d9e    00000016     uart.obj (.text:UART_Send_Data)
                  00012db4    00000016     rts430x_lc_rd_eabi.lib : memset.obj (.text:memset)
                  00012dca    00000016                            : div16u.obj (.text)
                  00012de0    00000016                            : mult16_f5hw.obj (.text)
                  00012df6    00000014     rf_spi.obj (.text:SPI_Data_Read)
                  00012e0a    00000014     rts430x_lc_rd_eabi.lib : sprintf.obj (.text:_outc)
                  00012e1e    00000014                            : memcpy.obj (.text:memcpy)
                  00012e32    00000012     cs.obj (.text:CS_setDCOFreq)
                  00012e44    00000012     radio.obj (.text:Radio_Set_TxPower)
                  00012e56    00000012     rts430x_lc_rd_eabi.lib : copy_decompress_none.obj (.text:decompress:none:__TI_decompress_none)
                  00012e68    00000012                            : strcpy.obj (.text:strcpy)
                  00012e7a    0000000e                            : strlen.obj (.text:strlen)
                  00012e88    0000000c     eusci_b_spi.obj (.text:EUSCI_B_SPI_transmitData)
                  00012e94    0000000c     nwk_security.obj (.text:Payload_Decrypt)
                  00012ea0    0000000c     nwk_security.obj (.text:Payload_Encrypt)
                  00012eac    0000000c     commands.obj (.text:_Validate_Address)
                  00012eb8    0000000a     eusci_a_uart.obj (.text:EUSCI_A_UART_getInterruptStatus)
                  00012ec2    0000000a     eusci_b_spi.obj (.text:EUSCI_B_SPI_getInterruptStatus)
                  00012ecc    0000000a     eusci_b_spi.obj (.text:EUSCI_B_SPI_receiveData)
                  00012ed6    0000000a     system.obj (.text:System_Reset)
                  00012ee0    00000006     eusci_a_uart.obj (.text:EUSCI_A_UART_disable)
                  00012ee6    00000006     eusci_a_uart.obj (.text:EUSCI_A_UART_enable)
                  00012eec    00000006     eusci_b_spi.obj (.text:EUSCI_B_SPI_disable)
                  00012ef2    00000006     eusci_b_spi.obj (.text:EUSCI_B_SPI_enable)
                  00012ef8    00000006     rts430x_lc_rd_eabi.lib : copy_decompress_rle.obj (.text:decompress:rle24:__TI_decompress_rle24)
                  00012efe    00000004                            : pre_init.obj (.text:_system_pre_init)
                  00012f02    00000004                            : exit.obj (.text:abort)
                  00012f06    00000002                            : _lock.obj (.text:_nop)


LINKER GENERATED COPY TABLES

__TI_cinit_table @ 00004cea records: 2, size/record: 8, table size: 16
	.data: load addr=00004c2c, load size=000000ac bytes, run addr=00001e3e, run size=000000a6 bytes, compression=rle
	.bss: load addr=00004ce4, load size=00000006 bytes, run addr=00001c00, run size=0000023e bytes, compression=zero_init


LINKER GENERATED HANDLER TABLE

__TI_handler_table @ 00004cd8 records: 3, size/record: 4, table size: 12
	index: 0, handler: __TI_zero_init
	index: 1, handler: __TI_decompress_rle24
	index: 2, handler: __TI_decompress_none


GLOBAL SYMBOLS: SORTED ALPHABETICALLY BY Name 

address   name                                       
-------   ----                                       
00000800  ADC12CTL0                                  
00000801  ADC12CTL0_H                                
00000800  ADC12CTL0_L                                
00000802  ADC12CTL1                                  
00000803  ADC12CTL1_H                                
00000802  ADC12CTL1_L                                
00000804  ADC12CTL2                                  
00000805  ADC12CTL2_H                                
00000804  ADC12CTL2_L                                
00000806  ADC12CTL3                                  
00000807  ADC12CTL3_H                                
00000806  ADC12CTL3_L                                
0000080a  ADC12HI                                    
0000080b  ADC12HI_H                                  
0000080a  ADC12HI_L                                  
00000812  ADC12IER0                                  
00000813  ADC12IER0_H                                
00000812  ADC12IER0_L                                
00000814  ADC12IER1                                  
00000815  ADC12IER1_H                                
00000814  ADC12IER1_L                                
00000816  ADC12IER2                                  
00000817  ADC12IER2_H                                
00000816  ADC12IER2_L                                
0000080c  ADC12IFGR0                                 
0000080d  ADC12IFGR0_H                               
0000080c  ADC12IFGR0_L                               
0000080e  ADC12IFGR1                                 
0000080f  ADC12IFGR1_H                               
0000080e  ADC12IFGR1_L                               
00000810  ADC12IFGR2                                 
00000811  ADC12IFGR2_H                               
00000810  ADC12IFGR2_L                               
00000818  ADC12IV                                    
00000819  ADC12IV_H                                  
00000818  ADC12IV_L                                  
00000808  ADC12LO                                    
00000809  ADC12LO_H                                  
00000808  ADC12LO_L                                  
00000820  ADC12MCTL0                                 
00000821  ADC12MCTL0_H                               
00000820  ADC12MCTL0_L                               
00000822  ADC12MCTL1                                 
00000834  ADC12MCTL10                                
00000835  ADC12MCTL10_H                              
00000834  ADC12MCTL10_L                              
00000836  ADC12MCTL11                                
00000837  ADC12MCTL11_H                              
00000836  ADC12MCTL11_L                              
00000838  ADC12MCTL12                                
00000839  ADC12MCTL12_H                              
00000838  ADC12MCTL12_L                              
0000083a  ADC12MCTL13                                
0000083b  ADC12MCTL13_H                              
0000083a  ADC12MCTL13_L                              
0000083c  ADC12MCTL14                                
0000083d  ADC12MCTL14_H                              
0000083c  ADC12MCTL14_L                              
0000083e  ADC12MCTL15                                
0000083f  ADC12MCTL15_H                              
0000083e  ADC12MCTL15_L                              
00000840  ADC12MCTL16                                
00000841  ADC12MCTL16_H                              
00000840  ADC12MCTL16_L                              
00000842  ADC12MCTL17                                
00000843  ADC12MCTL17_H                              
00000842  ADC12MCTL17_L                              
00000844  ADC12MCTL18                                
00000845  ADC12MCTL18_H                              
00000844  ADC12MCTL18_L                              
00000846  ADC12MCTL19                                
00000847  ADC12MCTL19_H                              
00000846  ADC12MCTL19_L                              
00000823  ADC12MCTL1_H                               
00000822  ADC12MCTL1_L                               
00000824  ADC12MCTL2                                 
00000848  ADC12MCTL20                                
00000849  ADC12MCTL20_H                              
00000848  ADC12MCTL20_L                              
0000084a  ADC12MCTL21                                
0000084b  ADC12MCTL21_H                              
0000084a  ADC12MCTL21_L                              
0000084c  ADC12MCTL22                                
0000084d  ADC12MCTL22_H                              
0000084c  ADC12MCTL22_L                              
0000084e  ADC12MCTL23                                
0000084f  ADC12MCTL23_H                              
0000084e  ADC12MCTL23_L                              
00000850  ADC12MCTL24                                
00000851  ADC12MCTL24_H                              
00000850  ADC12MCTL24_L                              
00000852  ADC12MCTL25                                
00000853  ADC12MCTL25_H                              
00000852  ADC12MCTL25_L                              
00000854  ADC12MCTL26                                
00000855  ADC12MCTL26_H                              
00000854  ADC12MCTL26_L                              
00000856  ADC12MCTL27                                
00000857  ADC12MCTL27_H                              
00000856  ADC12MCTL27_L                              
00000858  ADC12MCTL28                                
00000859  ADC12MCTL28_H                              
00000858  ADC12MCTL28_L                              
0000085a  ADC12MCTL29                                
0000085b  ADC12MCTL29_H                              
0000085a  ADC12MCTL29_L                              
00000825  ADC12MCTL2_H                               
00000824  ADC12MCTL2_L                               
00000826  ADC12MCTL3                                 
0000085c  ADC12MCTL30                                
0000085d  ADC12MCTL30_H                              
0000085c  ADC12MCTL30_L                              
0000085e  ADC12MCTL31                                
0000085f  ADC12MCTL31_H                              
0000085e  ADC12MCTL31_L                              
00000827  ADC12MCTL3_H                               
00000826  ADC12MCTL3_L                               
00000828  ADC12MCTL4                                 
00000829  ADC12MCTL4_H                               
00000828  ADC12MCTL4_L                               
0000082a  ADC12MCTL5                                 
0000082b  ADC12MCTL5_H                               
0000082a  ADC12MCTL5_L                               
0000082c  ADC12MCTL6                                 
0000082d  ADC12MCTL6_H                               
0000082c  ADC12MCTL6_L                               
0000082e  ADC12MCTL7                                 
0000082f  ADC12MCTL7_H                               
0000082e  ADC12MCTL7_L                               
00000830  ADC12MCTL8                                 
00000831  ADC12MCTL8_H                               
00000830  ADC12MCTL8_L                               
00000832  ADC12MCTL9                                 
00000833  ADC12MCTL9_H                               
00000832  ADC12MCTL9_L                               
00000860  ADC12MEM0                                  
00000861  ADC12MEM0_H                                
00000860  ADC12MEM0_L                                
00000862  ADC12MEM1                                  
00000874  ADC12MEM10                                 
00000875  ADC12MEM10_H                               
00000874  ADC12MEM10_L                               
00000876  ADC12MEM11                                 
00000877  ADC12MEM11_H                               
00000876  ADC12MEM11_L                               
00000878  ADC12MEM12                                 
00000879  ADC12MEM12_H                               
00000878  ADC12MEM12_L                               
0000087a  ADC12MEM13                                 
0000087b  ADC12MEM13_H                               
0000087a  ADC12MEM13_L                               
0000087c  ADC12MEM14                                 
0000087d  ADC12MEM14_H                               
0000087c  ADC12MEM14_L                               
0000087e  ADC12MEM15                                 
0000087f  ADC12MEM15_H                               
0000087e  ADC12MEM15_L                               
00000880  ADC12MEM16                                 
00000881  ADC12MEM16_H                               
00000880  ADC12MEM16_L                               
00000882  ADC12MEM17                                 
00000883  ADC12MEM17_H                               
00000882  ADC12MEM17_L                               
00000884  ADC12MEM18                                 
00000885  ADC12MEM18_H                               
00000884  ADC12MEM18_L                               
00000886  ADC12MEM19                                 
00000887  ADC12MEM19_H                               
00000886  ADC12MEM19_L                               
00000863  ADC12MEM1_H                                
00000862  ADC12MEM1_L                                
00000864  ADC12MEM2                                  
00000888  ADC12MEM20                                 
00000889  ADC12MEM20_H                               
00000888  ADC12MEM20_L                               
0000088a  ADC12MEM21                                 
0000088b  ADC12MEM21_H                               
0000088a  ADC12MEM21_L                               
0000088c  ADC12MEM22                                 
0000088d  ADC12MEM22_H                               
0000088c  ADC12MEM22_L                               
0000088e  ADC12MEM23                                 
0000088f  ADC12MEM23_H                               
0000088e  ADC12MEM23_L                               
00000890  ADC12MEM24                                 
00000891  ADC12MEM24_H                               
00000890  ADC12MEM24_L                               
00000892  ADC12MEM25                                 
00000893  ADC12MEM25_H                               
00000892  ADC12MEM25_L                               
00000894  ADC12MEM26                                 
00000895  ADC12MEM26_H                               
00000894  ADC12MEM26_L                               
00000896  ADC12MEM27                                 
00000897  ADC12MEM27_H                               
00000896  ADC12MEM27_L                               
00000898  ADC12MEM28                                 
00000899  ADC12MEM28_H                               
00000898  ADC12MEM28_L                               
0000089a  ADC12MEM29                                 
0000089b  ADC12MEM29_H                               
0000089a  ADC12MEM29_L                               
00000865  ADC12MEM2_H                                
00000864  ADC12MEM2_L                                
00000866  ADC12MEM3                                  
0000089c  ADC12MEM30                                 
0000089d  ADC12MEM30_H                               
0000089c  ADC12MEM30_L                               
0000089e  ADC12MEM31                                 
0000089f  ADC12MEM31_H                               
0000089e  ADC12MEM31_L                               
00000867  ADC12MEM3_H                                
00000866  ADC12MEM3_L                                
00000868  ADC12MEM4                                  
00000869  ADC12MEM4_H                                
00000868  ADC12MEM4_L                                
0000086a  ADC12MEM5                                  
0000086b  ADC12MEM5_H                                
0000086a  ADC12MEM5_L                                
0000086c  ADC12MEM6                                  
0000086d  ADC12MEM6_H                                
0000086c  ADC12MEM6_L                                
0000086e  ADC12MEM7                                  
0000086f  ADC12MEM7_H                                
0000086e  ADC12MEM7_L                                
00000870  ADC12MEM8                                  
00000871  ADC12MEM8_H                                
00000870  ADC12MEM8_L                                
00000872  ADC12MEM9                                  
00000873  ADC12MEM9_H                                
00000872  ADC12MEM9_L                                
000009c0  AESACTL0                                   
000009c1  AESACTL0_H                                 
000009c0  AESACTL0_L                                 
000009c2  AESACTL1                                   
000009c3  AESACTL1_H                                 
000009c2  AESACTL1_L                                 
000009c8  AESADIN                                    
000009c9  AESADIN_H                                  
000009c8  AESADIN_L                                  
000009ca  AESADOUT                                   
000009cb  AESADOUT_H                                 
000009ca  AESADOUT_L                                 
000009c6  AESAKEY                                    
000009c7  AESAKEY_H                                  
000009c6  AESAKEY_L                                  
000009c4  AESASTAT                                   
000009c5  AESASTAT_H                                 
000009c4  AESASTAT_L                                 
000009cc  AESAXDIN                                   
000009cd  AESAXDIN_H                                 
000009cc  AESAXDIN_L                                 
000009ce  AESAXIN                                    
000009cf  AESAXIN_H                                  
000009ce  AESAXIN_L                                  
00001eb8  ANSW_ERROR                                 
00001e3e  ANSW_ERROR_UNK_CMD                         
00001ed0  ANSW_OK                                    
000004be  BCD2BIN                                    
000004bc  BIN2BCD                                    
00012f02  C$$EXIT                                    
0000043e  CAPTIO0CTL                                 
0000043f  CAPTIO0CTL_H                               
0000043e  CAPTIO0CTL_L                               
0000047e  CAPTIO1CTL                                 
0000047f  CAPTIO1CTL_H                               
0000047e  CAPTIO1CTL_L                               
000008c0  CECTL0                                     
000008c1  CECTL0_H                                   
000008c0  CECTL0_L                                   
000008c2  CECTL1                                     
000008c3  CECTL1_H                                   
000008c2  CECTL1_L                                   
000008c4  CECTL2                                     
000008c5  CECTL2_H                                   
000008c4  CECTL2_L                                   
000008c6  CECTL3                                     
000008c7  CECTL3_H                                   
000008c6  CECTL3_L                                   
000008cc  CEINT                                      
000008cd  CEINT_H                                    
000008cc  CEINT_L                                    
000008ce  CEIV                                       
000008cf  CEIV_H                                     
000008ce  CEIV_L                                     
00001ede  CMD_AT                                     
00001e66  CMD_AT_RFCHANNEL                           
00001e74  CMD_AT_RFDRATE                             
00001ea4  CMD_AT_RFLADDR                             
00001e8c  CMD_AT_RFMODE                              
00001eae  CMD_AT_RFNADDR                             
00001e80  CMD_AT_RFPOWER                             
00001e98  CMD_AT_RFSEND                              
00001ec0  CMD_AT_RST                                 
00001ec8  CMD_AT_VER                                 
00000150  CRCDI                                      
00000152  CRCDIRB                                    
00000153  CRCDIRB_H                                  
00000152  CRCDIRB_L                                  
00000151  CRCDI_H                                    
00000150  CRCDI_L                                    
00000154  CRCINIRES                                  
00000155  CRCINIRES_H                                
00000154  CRCINIRES_L                                
00000156  CRCRESR                                    
00000157  CRCRESR_H                                  
00000156  CRCRESR_L                                  
00000160  CSCTL0                                     
00000161  CSCTL0_H                                   
00000160  CSCTL0_L                                   
00000162  CSCTL1                                     
00000163  CSCTL1_H                                   
00000162  CSCTL1_L                                   
00000164  CSCTL2                                     
00000165  CSCTL2_H                                   
00000164  CSCTL2_L                                   
00000166  CSCTL3                                     
00000167  CSCTL3_H                                   
00000166  CSCTL3_L                                   
00000168  CSCTL4                                     
00000169  CSCTL4_H                                   
00000168  CSCTL4_L                                   
0000016a  CSCTL5                                     
0000016b  CSCTL5_H                                   
0000016a  CSCTL5_L                                   
0000016c  CSCTL6                                     
0000016d  CSCTL6_H                                   
0000016c  CSCTL6_L                                   
00012522  CS_initClockSignal                         
00012e32  CS_setDCOFreq                              
00012d38  Check_Uart_Answer                          
00012ca4  Check_Uart_Answer_Block                    
00012d52  Clear_Uart_Data_Buf                        
00012a6c  Clear_Work_Data_Buf                        
00000510  DMA0CTL                                    
00000511  DMA0CTL_H                                  
00000510  DMA0CTL_L                                  
00000516  DMA0DA                                     
00000518  DMA0DAH                                    
00000516  DMA0DAL                                    
00000512  DMA0SA                                     
00000514  DMA0SAH                                    
00000512  DMA0SAL                                    
0000051a  DMA0SZ                                     
00000520  DMA1CTL                                    
00000521  DMA1CTL_H                                  
00000520  DMA1CTL_L                                  
00000526  DMA1DA                                     
00000528  DMA1DAH                                    
00000526  DMA1DAL                                    
00000522  DMA1SA                                     
00000524  DMA1SAH                                    
00000522  DMA1SAL                                    
0000052a  DMA1SZ                                     
00000530  DMA2CTL                                    
00000531  DMA2CTL_H                                  
00000530  DMA2CTL_L                                  
00000536  DMA2DA                                     
00000538  DMA2DAH                                    
00000536  DMA2DAL                                    
00000532  DMA2SA                                     
00000534  DMA2SAH                                    
00000532  DMA2SAL                                    
0000053a  DMA2SZ                                     
00000500  DMACTL0                                    
00000501  DMACTL0_H                                  
00000500  DMACTL0_L                                  
00000502  DMACTL1                                    
00000503  DMACTL1_H                                  
00000502  DMACTL1_L                                  
00000504  DMACTL2                                    
00000505  DMACTL2_H                                  
00000504  DMACTL2_L                                  
00000506  DMACTL3                                    
00000507  DMACTL3_H                                  
00000506  DMACTL3_L                                  
00000508  DMACTL4                                    
00000509  DMACTL4_H                                  
00000508  DMACTL4_L                                  
0000050e  DMAIV                                      
0000050f  DMAIV_H                                    
0000050e  DMAIV_L                                    
00012ee0  EUSCI_A_UART_disable                       
00012ee6  EUSCI_A_UART_enable                        
00012bbc  EUSCI_A_UART_enableInterrupt               
00012eb8  EUSCI_A_UART_getInterruptStatus            
00011fb2  EUSCI_A_UART_init                          
00012bde  EUSCI_A_UART_transmitData                  
00012eec  EUSCI_B_SPI_disable                        
00012ef2  EUSCI_B_SPI_enable                         
00012ec2  EUSCI_B_SPI_getInterruptStatus             
00012756  EUSCI_B_SPI_initMaster                     
00012ecc  EUSCI_B_SPI_receiveData                    
00012e88  EUSCI_B_SPI_transmitData                   
00000140  FRCTL0                                     
00000141  FRCTL0_H                                   
00000140  FRCTL0_L                                   
00000144  GCCTL0                                     
00000145  GCCTL0_H                                   
00000144  GCCTL0_L                                   
00000146  GCCTL1                                     
00000147  GCCTL1_H                                   
00000146  GCCTL1_L                                   
0001236a  GPIO_setAsPeripheralModuleFunctionInputPin 
000123dc  GPIO_setAsPeripheralModuleFunctionOutputPin
000004c4  MAC                                        
000004da  MAC32H                                     
000004db  MAC32H_H                                   
000004da  MAC32H_L                                   
000004d8  MAC32L                                     
000004d9  MAC32L_H                                   
000004d8  MAC32L_L                                   
000004c6  MACS                                       
000004de  MACS32H                                    
000004df  MACS32H_H                                  
000004de  MACS32H_L                                  
000004dc  MACS32L                                    
000004dd  MACS32L_H                                  
000004dc  MACS32L_L                                  
000004c7  MACS_H                                     
000004c6  MACS_L                                     
000004c5  MAC_H                                      
000004c4  MAC_L                                      
000005a0  MPUCTL0                                    
000005a1  MPUCTL0_H                                  
000005a0  MPUCTL0_L                                  
000005a2  MPUCTL1                                    
000005a3  MPUCTL1_H                                  
000005a2  MPUCTL1_L                                  
000005aa  MPUIPC0                                    
000005ab  MPUIPC0_H                                  
000005aa  MPUIPC0_L                                  
000005ae  MPUIPSEGB1                                 
000005af  MPUIPSEGB1_H                               
000005ae  MPUIPSEGB1_L                               
000005ac  MPUIPSEGB2                                 
000005ad  MPUIPSEGB2_H                               
000005ac  MPUIPSEGB2_L                               
000005a8  MPUSAM                                     
000005a9  MPUSAM_H                                   
000005a8  MPUSAM_L                                   
000005a6  MPUSEGB1                                   
000005a7  MPUSEGB1_H                                 
000005a6  MPUSEGB1_L                                 
000005a4  MPUSEGB2                                   
000005a5  MPUSEGB2_H                                 
000005a4  MPUSEGB2_L                                 
000004c0  MPY                                        
000004ec  MPY32CTL0                                  
000004ed  MPY32CTL0_H                                
000004ec  MPY32CTL0_L                                
000004d2  MPY32H                                     
000004d3  MPY32H_H                                   
000004d2  MPY32H_L                                   
000004d0  MPY32L                                     
000004d1  MPY32L_H                                   
000004d0  MPY32L_L                                   
000004c2  MPYS                                       
000004d6  MPYS32H                                    
000004d7  MPYS32H_H                                  
000004d6  MPYS32H_L                                  
000004d4  MPYS32L                                    
000004d5  MPYS32L_H                                  
000004d4  MPYS32L_L                                  
000004c3  MPYS_H                                     
000004c2  MPYS_L                                     
000004c1  MPY_H                                      
000004c0  MPY_L                                      
000004c8  OP2                                        
000004e2  OP2H                                       
000004e3  OP2H_H                                     
000004e2  OP2H_L                                     
000004e0  OP2L                                       
000004e1  OP2L_H                                     
000004e0  OP2L_L                                     
000004c9  OP2_H                                      
000004c8  OP2_L                                      
0000020e  P1IV                                       
0000021e  P2IV                                       
0000022e  P3IV                                       
0000023e  P4IV                                       
00000204  PADIR                                      
00000205  PADIR_H                                    
00000204  PADIR_L                                    
0000021a  PAIE                                       
00000218  PAIES                                      
00000219  PAIES_H                                    
00000218  PAIES_L                                    
0000021b  PAIE_H                                     
0000021a  PAIE_L                                     
0000021c  PAIFG                                      
0000021d  PAIFG_H                                    
0000021c  PAIFG_L                                    
00000200  PAIN                                       
00000201  PAIN_H                                     
00000200  PAIN_L                                     
00000202  PAOUT                                      
00000203  PAOUT_H                                    
00000202  PAOUT_L                                    
00000206  PAREN                                      
00000207  PAREN_H                                    
00000206  PAREN_L                                    
0000020a  PASEL0                                     
0000020b  PASEL0_H                                   
0000020a  PASEL0_L                                   
0000020c  PASEL1                                     
0000020d  PASEL1_H                                   
0000020c  PASEL1_L                                   
00000216  PASELC                                     
00000217  PASELC_H                                   
00000216  PASELC_L                                   
00000224  PBDIR                                      
00000225  PBDIR_H                                    
00000224  PBDIR_L                                    
0000023a  PBIE                                       
00000238  PBIES                                      
00000239  PBIES_H                                    
00000238  PBIES_L                                    
0000023b  PBIE_H                                     
0000023a  PBIE_L                                     
0000023c  PBIFG                                      
0000023d  PBIFG_H                                    
0000023c  PBIFG_L                                    
00000220  PBIN                                       
00000221  PBIN_H                                     
00000220  PBIN_L                                     
00000222  PBOUT                                      
00000223  PBOUT_H                                    
00000222  PBOUT_L                                    
00000226  PBREN                                      
00000227  PBREN_H                                    
00000226  PBREN_L                                    
0000022a  PBSEL0                                     
0000022b  PBSEL0_H                                   
0000022a  PBSEL0_L                                   
0000022c  PBSEL1                                     
0000022d  PBSEL1_H                                   
0000022c  PBSEL1_L                                   
00000236  PBSELC                                     
00000237  PBSELC_H                                   
00000236  PBSELC_L                                   
00000324  PJDIR                                      
00000325  PJDIR_H                                    
00000324  PJDIR_L                                    
00000320  PJIN                                       
00000321  PJIN_H                                     
00000320  PJIN_L                                     
00000322  PJOUT                                      
00000323  PJOUT_H                                    
00000322  PJOUT_L                                    
00000326  PJREN                                      
00000327  PJREN_H                                    
00000326  PJREN_L                                    
0000032a  PJSEL0                                     
0000032b  PJSEL0_H                                   
0000032a  PJSEL0_L                                   
0000032c  PJSEL1                                     
0000032d  PJSEL1_H                                   
0000032c  PJSEL1_L                                   
00000336  PJSELC                                     
00000337  PJSELC_H                                   
00000336  PJSELC_L                                   
00000130  PM5CTL0                                    
00000131  PM5CTL0_H                                  
00000130  PM5CTL0_L                                  
00000120  PMMCTL0                                    
00000121  PMMCTL0_H                                  
00000120  PMMCTL0_L                                  
0000012a  PMMIFG                                     
0000012b  PMMIFG_H                                   
0000012a  PMMIFG_L                                   
00004ba8  P_VALUE_CH_                                
00012e94  Payload_Decrypt                            
00012ea0  Payload_Encrypt                            
0000488c  Port_1                                     
000127ac  Print_Error                                
000001b0  REFCTL0                                    
000001b1  REFCTL0_H                                  
000001b0  REFCTL0_L                                  
000004e4  RES0                                       
000004e5  RES0_H                                     
000004e4  RES0_L                                     
000004e6  RES1                                       
000004e7  RES1_H                                     
000004e6  RES1_L                                     
000004e8  RES2                                       
000004e9  RES2_H                                     
000004e8  RES2_L                                     
000004ea  RES3                                       
000004eb  RES3_H                                     
000004ea  RES3_L                                     
000004cc  RESHI                                      
000004cd  RESHI_H                                    
000004cc  RESHI_L                                    
000004ca  RESLO                                      
000004cb  RESLO_H                                    
000004ca  RESLO_L                                    
00012898  RF_IRQ_Init                                
00012c00  RF_SPI_Init                                
000004ba  RTCADOWDAY                                 
000004bb  RTCADOWDAY_H                               
000004ba  RTCADOWDAY_L                               
000004b8  RTCAMINHR                                  
000004b9  RTCAMINHR_H                                
000004b8  RTCAMINHR_L                                
000004a0  RTCCTL01                                   
000004a1  RTCCTL01_H                                 
000004a0  RTCCTL01_L                                 
000004a2  RTCCTL23                                   
000004a3  RTCCTL23_H                                 
000004a2  RTCCTL23_L                                 
000004b4  RTCDATE                                    
000004b5  RTCDATE_H                                  
000004b4  RTCDATE_L                                  
000004ae  RTCIV                                      
000004ac  RTCPS                                      
000004a8  RTCPS0CTL                                  
000004a9  RTCPS0CTL_H                                
000004a8  RTCPS0CTL_L                                
000004aa  RTCPS1CTL                                  
000004ab  RTCPS1CTL_H                                
000004aa  RTCPS1CTL_L                                
000004ad  RTCPS_H                                    
000004ac  RTCPS_L                                    
000004b0  RTCTIM0                                    
000004b1  RTCTIM0_H                                  
000004b0  RTCTIM0_L                                  
000004b2  RTCTIM1                                    
000004b3  RTCTIM1_H                                  
000004b2  RTCTIM1_L                                  
000004b6  RTCYEAR                                    
000004b7  RTCYEAR_H                                  
000004b6  RTCYEAR_L                                  
00004bbe  R_VALUE_CH_                                
00010f5a  Radio_Init                                 
00011900  Radio_Receive_Data                         
00011f14  Radio_Rx                                   
00011806  Radio_Send_Data                            
0001216a  Radio_Set_Channel                          
00012588  Radio_Set_Mode                             
00012e44  Radio_Set_TxPower                          
00011e6c  Radio_Tx                                   
00004c20  Rcon                                       
000116e0  Receive_Rf_Data                            
00001d00  RxPacket                                   
00000100  SFRIE1                                     
00000101  SFRIE1_H                                   
00000100  SFRIE1_L                                   
00000102  SFRIFG1                                    
00000103  SFRIFG1_H                                  
00000102  SFRIFG1_L                                  
00000104  SFRRPCR                                    
00000105  SFRRPCR_H                                  
00000104  SFRRPCR_L                                  
00012b28  SPI_Conf_Read_Register                     
00012afe  SPI_Conf_Write_Register                    
00012df6  SPI_Data_Read                              
00012b50  SPI_Data_Write                             
0001226e  SPI_Init                                   
000004ce  SUMEXT                                     
000004cf  SUMEXT_H                                   
000004ce  SUMEXT_L                                   
00000180  SYSCTL                                     
00000181  SYSCTL_H                                   
00000180  SYSCTL_L                                   
00000186  SYSJMBC                                    
00000187  SYSJMBC_H                                  
00000186  SYSJMBC_L                                  
00000188  SYSJMBI0                                   
00000189  SYSJMBI0_H                                 
00000188  SYSJMBI0_L                                 
0000018a  SYSJMBI1                                   
0000018b  SYSJMBI1_H                                 
0000018a  SYSJMBI1_L                                 
0000018c  SYSJMBO0                                   
0000018d  SYSJMBO0_H                                 
0000018c  SYSJMBO0_L                                 
0000018e  SYSJMBO1                                   
0000018f  SYSJMBO1_H                                 
0000018e  SYSJMBO1_L                                 
0000019e  SYSRSTIV                                   
0000019f  SYSRSTIV_H                                 
0000019e  SYSRSTIV_L                                 
0000019c  SYSSNIV                                    
0000019d  SYSSNIV_H                                  
0000019c  SYSSNIV_L                                  
0000019a  SYSUNIV                                    
0000019b  SYSUNIV_H                                  
0000019a  SYSUNIV_L                                  
00004bd4  S_VALUE_CH_                                
0001130c  Send_Rf_Data                               
00011472  Set_Network_Address                        
000127fc  Set_Rf_Channel                             
00011db8  Set_Rf_Data_Rate                           
000126a6  Set_Rf_Local_Address                       
00011ac0  Set_Rf_Mode                                
00011c4a  Set_Rf_Power                               
00012c22  Spi_Send                                   
000125ee  String_To_Int                              
0001204c  System_Init                                
00012ed6  System_Reset                               
00012aa2  System_Set_Speed                           
00000352  TA0CCR0                                    
00000354  TA0CCR1                                    
00000356  TA0CCR2                                    
00000342  TA0CCTL0                                   
00000344  TA0CCTL1                                   
00000346  TA0CCTL2                                   
00000340  TA0CTL                                     
00000360  TA0EX0                                     
0000036e  TA0IV                                      
00000350  TA0R                                       
00000392  TA1CCR0                                    
00000394  TA1CCR1                                    
00000396  TA1CCR2                                    
00000382  TA1CCTL0                                   
00000384  TA1CCTL1                                   
00000386  TA1CCTL2                                   
00000380  TA1CTL                                     
000003a0  TA1EX0                                     
000003ae  TA1IV                                      
00000390  TA1R                                       
00000412  TA2CCR0                                    
00000414  TA2CCR1                                    
00000402  TA2CCTL0                                   
00000404  TA2CCTL1                                   
00000400  TA2CTL                                     
00000420  TA2EX0                                     
0000042e  TA2IV                                      
00000410  TA2R                                       
00000452  TA3CCR0                                    
00000454  TA3CCR1                                    
00000442  TA3CCTL0                                   
00000444  TA3CCTL1                                   
00000440  TA3CTL                                     
00000460  TA3EX0                                     
0000046e  TA3IV                                      
00000450  TA3R                                       
000003d2  TB0CCR0                                    
000003d4  TB0CCR1                                    
000003d6  TB0CCR2                                    
000003d8  TB0CCR3                                    
000003da  TB0CCR4                                    
000003dc  TB0CCR5                                    
000003de  TB0CCR6                                    
000003c2  TB0CCTL0                                   
000003c4  TB0CCTL1                                   
000003c6  TB0CCTL2                                   
000003c8  TB0CCTL3                                   
000003ca  TB0CCTL4                                   
000003cc  TB0CCTL5                                   
000003ce  TB0CCTL6                                   
000003c0  TB0CTL                                     
000003e0  TB0EX0                                     
000003ee  TB0IV                                      
000003d0  TB0R                                       
000121ee  Trans_Int                                  
00001d40  TxPacket                                   
000122ec  UART_Init                                  
00012c44  UART_Send_Byte                             
00012b74  UART_Send_ByteToChar                       
00012d9e  UART_Send_Data                             
000005d0  UCA0ABCTL                                  
000005c6  UCA0BRW                                    
000005c7  UCA0BRW_H                                  
000005c6  UCA0BRW_L                                  
000005c0  UCA0CTLW0                                  
000005c1  UCA0CTLW0_H                                
000005c0  UCA0CTLW0_L                                
000005c2  UCA0CTLW1                                  
000005c3  UCA0CTLW1_H                                
000005c2  UCA0CTLW1_L                                
000005da  UCA0IE                                     
000005db  UCA0IE_H                                   
000005da  UCA0IE_L                                   
000005dc  UCA0IFG                                    
000005dd  UCA0IFG_H                                  
000005dc  UCA0IFG_L                                  
000005d2  UCA0IRCTL                                  
000005d3  UCA0IRCTL_H                                
000005d2  UCA0IRCTL_L                                
000005de  UCA0IV                                     
000005c8  UCA0MCTLW                                  
000005c9  UCA0MCTLW_H                                
000005c8  UCA0MCTLW_L                                
000005cc  UCA0RXBUF                                  
000005cd  UCA0RXBUF_H                                
000005cc  UCA0RXBUF_L                                
000005ca  UCA0STATW                                  
000005ce  UCA0TXBUF                                  
000005cf  UCA0TXBUF_H                                
000005ce  UCA0TXBUF_L                                
000005f0  UCA1ABCTL                                  
000005e6  UCA1BRW                                    
000005e7  UCA1BRW_H                                  
000005e6  UCA1BRW_L                                  
000005e0  UCA1CTLW0                                  
000005e1  UCA1CTLW0_H                                
000005e0  UCA1CTLW0_L                                
000005e2  UCA1CTLW1                                  
000005e3  UCA1CTLW1_H                                
000005e2  UCA1CTLW1_L                                
000005fa  UCA1IE                                     
000005fb  UCA1IE_H                                   
000005fa  UCA1IE_L                                   
000005fc  UCA1IFG                                    
000005fd  UCA1IFG_H                                  
000005fc  UCA1IFG_L                                  
000005f2  UCA1IRCTL                                  
000005f3  UCA1IRCTL_H                                
000005f2  UCA1IRCTL_L                                
000005fe  UCA1IV                                     
000005e8  UCA1MCTLW                                  
000005e9  UCA1MCTLW_H                                
000005e8  UCA1MCTLW_L                                
000005ec  UCA1RXBUF                                  
000005ed  UCA1RXBUF_H                                
000005ec  UCA1RXBUF_L                                
000005ea  UCA1STATW                                  
000005ee  UCA1TXBUF                                  
000005ef  UCA1TXBUF_H                                
000005ee  UCA1TXBUF_L                                
0000065e  UCB0ADDMASK                                
0000065f  UCB0ADDMASK_H                              
0000065e  UCB0ADDMASK_L                              
0000065c  UCB0ADDRX                                  
0000065d  UCB0ADDRX_H                                
0000065c  UCB0ADDRX_L                                
00000646  UCB0BRW                                    
00000647  UCB0BRW_H                                  
00000646  UCB0BRW_L                                  
00000640  UCB0CTLW0                                  
00000641  UCB0CTLW0_H                                
00000640  UCB0CTLW0_L                                
00000642  UCB0CTLW1                                  
00000643  UCB0CTLW1_H                                
00000642  UCB0CTLW1_L                                
00000654  UCB0I2COA0                                 
00000655  UCB0I2COA0_H                               
00000654  UCB0I2COA0_L                               
00000656  UCB0I2COA1                                 
00000657  UCB0I2COA1_H                               
00000656  UCB0I2COA1_L                               
00000658  UCB0I2COA2                                 
00000659  UCB0I2COA2_H                               
00000658  UCB0I2COA2_L                               
0000065a  UCB0I2COA3                                 
0000065b  UCB0I2COA3_H                               
0000065a  UCB0I2COA3_L                               
00000660  UCB0I2CSA                                  
00000661  UCB0I2CSA_H                                
00000660  UCB0I2CSA_L                                
0000066a  UCB0IE                                     
0000066b  UCB0IE_H                                   
0000066a  UCB0IE_L                                   
0000066c  UCB0IFG                                    
0000066d  UCB0IFG_H                                  
0000066c  UCB0IFG_L                                  
0000066e  UCB0IV                                     
0000064c  UCB0RXBUF                                  
0000064d  UCB0RXBUF_H                                
0000064c  UCB0RXBUF_L                                
00000648  UCB0STATW                                  
00000649  UCB0STATW_H                                
00000648  UCB0STATW_L                                
0000064a  UCB0TBCNT                                  
0000064b  UCB0TBCNT_H                                
0000064a  UCB0TBCNT_L                                
0000064e  UCB0TXBUF                                  
0000064f  UCB0TXBUF_H                                
0000064e  UCB0TXBUF_L                                
00004800  USCI_A0_ISR                                
0000015c  WDTCTL                                     
0000015d  WDTCTL_H                                   
0000015c  WDTCTL_L                                   
00012c64  WDT_A_hold                                 
000129ae  _Add_Address_To_Packet                     
000129ee  _Modify_Packet_Header                      
00012eac  _Validate_Address                          
00002400  __STACK_END                                
000000a0  __STACK_SIZE                               
000000a0  __SYSMEM_SIZE                              
00004cea  __TI_CINIT_Base                            
00004cfa  __TI_CINIT_Limit                           
00004cd8  __TI_Handler_Table_Base                    
00004ce4  __TI_Handler_Table_Limit                   
UNDEFED   __TI_INITARRAY_Base                        
UNDEFED   __TI_INITARRAY_Limit                       
000048d2  __TI_ISR_TRAP                              
00012e56  __TI_decompress_none                       
00012ef8  __TI_decompress_rle24                      
0000ffcc  __TI_int30                                 
0000ffce  __TI_int31                                 
0000ffd0  __TI_int32                                 
0000ffd2  __TI_int33                                 
0000ffd4  __TI_int34                                 
0000ffd6  __TI_int35                                 
0000ffd8  __TI_int36                                 
0000ffda  __TI_int37                                 
0000ffdc  __TI_int38                                 
0000ffde  __TI_int39                                 
0000ffe0  __TI_int40                                 
0000ffe2  __TI_int41                                 
0000ffe4  __TI_int42                                 
0000ffe6  __TI_int43                                 
0000ffe8  __TI_int44                                 
0000ffea  __TI_int45                                 
0000ffec  __TI_int46                                 
0000ffee  __TI_int47                                 
0000fff0  __TI_int48                                 
0000fff2  __TI_int49                                 
0000fff4  __TI_int50                                 
0000fff6  __TI_int51                                 
0000fff8  __TI_int52                                 
0000fffa  __TI_int53                                 
0000fffc  __TI_int54                                 
000119ee  __TI_printfi_minimal                       
00012b98  __TI_zero_init                             
ffffffff  __binit__                                  
ffffffff  __c_args__                                 
00012dca  __mspabi_divu                              
000126fe  __mspabi_divul                             
00012de0  __mspabi_mpyi_f5hw                         
00012dca  __mspabi_remu                              
000126fe  __mspabi_remul                             
0001244e  _auto_init_hold_wdt                        
000048b8  _c_int00_noargs_noexit                     
00001ed6  _lock                                      
00012f06  _nop                                       
0000fffe  _reset_vector                              
00002360  _stack                                     
00004400  _sys_memory                                
00012efe  _system_pre_init                           
00001eda  _unlock                                    
00012f02  abort                                      
00001e36  ack                                        
00001e1c  ack_p                                      
00010000  aes_decr                                   
00012cc2  aes_decrypt                                
0001068a  aes_encr                                   
00012ce0  aes_encrypt                                
ffffffff  binit                                      
00011d02  cByteToHex                                 
00001c00  data_p                                     
00001e37  data_rcv_flag                              
00001e38  dummy                                      
00001e39  encryption                                 
00001e56  encryption_key                             
00001e20  encryption_p                               
00001ea3  exit_code                                  
00010c0e  expandKey                                  
00004800  fram_ipe_end                               
00004800  fram_ipe_start                             
00004400  fram_rw_start                              
00004800  fram_rx_start                              
000120dc  free                                       
00012d86  galois_mul2                                
0001117a  main                                       
00011b90  malloc                                     
00012cfe  memccpy                                    
00012e1e  memcpy                                     
00012db4  memset                                     
0001296c  minit                                      
00001e32  nwk_header                                 
00001e3a  packet_len                                 
00001e3b  payload_length                             
00001e97  radio_mode_receive                         
00001e34  remote_addr                                
00001e24  remote_addr_p                              
00001e00  rf_data                                    
000048d8  rsbox                                      
00001e3c  rssi_rx                                    
000049d8  sbox                                       
00012928  sprintf                                    
00012d1c  strcmp                                     
00012e68  strcpy                                     
00012e7a  strlen                                     
00012ad0  strncmp                                    
00001d80  uart_data                                  
00001ebf  uart_index                                 
00001dc0  uart_rcv_buf                               
00001e3d  uart_rcv_byte                              
00004bbd  vcotune                                    


GLOBAL SYMBOLS: SORTED BY Symbol Address 

address   name                                       
-------   ----                                       
000000a0  __STACK_SIZE                               
000000a0  __SYSMEM_SIZE                              
00000100  SFRIE1                                     
00000100  SFRIE1_L                                   
00000101  SFRIE1_H                                   
00000102  SFRIFG1                                    
00000102  SFRIFG1_L                                  
00000103  SFRIFG1_H                                  
00000104  SFRRPCR                                    
00000104  SFRRPCR_L                                  
00000105  SFRRPCR_H                                  
00000120  PMMCTL0                                    
00000120  PMMCTL0_L                                  
00000121  PMMCTL0_H                                  
0000012a  PMMIFG                                     
0000012a  PMMIFG_L                                   
0000012b  PMMIFG_H                                   
00000130  PM5CTL0                                    
00000130  PM5CTL0_L                                  
00000131  PM5CTL0_H                                  
00000140  FRCTL0                                     
00000140  FRCTL0_L                                   
00000141  FRCTL0_H                                   
00000144  GCCTL0                                     
00000144  GCCTL0_L                                   
00000145  GCCTL0_H                                   
00000146  GCCTL1                                     
00000146  GCCTL1_L                                   
00000147  GCCTL1_H                                   
00000150  CRCDI                                      
00000150  CRCDI_L                                    
00000151  CRCDI_H                                    
00000152  CRCDIRB                                    
00000152  CRCDIRB_L                                  
00000153  CRCDIRB_H                                  
00000154  CRCINIRES                                  
[...]
00000840  ADC12MCTL16                                
00000840  ADC12MCTL16_L                              
00000841  ADC12MCTL16_H                              
00000842  ADC12MCTL17                                
00000842  ADC12MCTL17_L                              
00000843  ADC12MCTL17_H                              
00000844  ADC12MCTL18                                
00000844  ADC12MCTL18_L                              
00000845  ADC12MCTL18_H                              
00000846  ADC12MCTL19                                
00000846  ADC12MCTL19_L                              
00000847  ADC12MCTL19_H                              
00000848  ADC12MCTL20                                
00000848  ADC12MCTL20_L                              
00000849  ADC12MCTL20_H                              
0000084a  ADC12MCTL21                                
0000084a  ADC12MCTL21_L                              
0000084b  ADC12MCTL21_H                              
0000084c  ADC12MCTL22                                
0000084c  ADC12MCTL22_L                              
0000084d  ADC12MCTL22_H                              
0000084e  ADC12MCTL23                                
0000084e  ADC12MCTL23_L                              
0000084f  ADC12MCTL23_H                              
00000850  ADC12MCTL24                                
00000850  ADC12MCTL24_L                              
00000851  ADC12MCTL24_H                              
00000852  ADC12MCTL25                                
00000852  ADC12MCTL25_L                              
00000853  ADC12MCTL25_H                              
00000854  ADC12MCTL26                                
00000854  ADC12MCTL26_L                              
00000855  ADC12MCTL26_H                              
00000856  ADC12MCTL27                                
00000856  ADC12MCTL27_L                              
00000857  ADC12MCTL27_H                              
00000858  ADC12MCTL28                                
00000858  ADC12MCTL28_L                              
00000859  ADC12MCTL28_H                              
0000085a  ADC12MCTL29                                
0000085a  ADC12MCTL29_L                              
0000085b  ADC12MCTL29_H                              
0000085c  ADC12MCTL30                                
0000085c  ADC12MCTL30_L                              
0000085d  ADC12MCTL30_H                              
0000085e  ADC12MCTL31                                
0000085e  ADC12MCTL31_L                              
0000085f  ADC12MCTL31_H                              
00000860  ADC12MEM0                                  
00000860  ADC12MEM0_L                                
00000861  ADC12MEM0_H                                
00000862  ADC12MEM1                                  
00000862  ADC12MEM1_L                                
00000863  ADC12MEM1_H                                
00000864  ADC12MEM2                                  
00000864  ADC12MEM2_L                                
00000865  ADC12MEM2_H                                
00000866  ADC12MEM3                                  
00000866  ADC12MEM3_L                                
00000867  ADC12MEM3_H                                
00000868  ADC12MEM4                                  
00000868  ADC12MEM4_L                                
00000869  ADC12MEM4_H                                
0000086a  ADC12MEM5                                  
0000086a  ADC12MEM5_L                                
0000086b  ADC12MEM5_H                                
0000086c  ADC12MEM6                                  
0000086c  ADC12MEM6_L                                
0000086d  ADC12MEM6_H                                
0000086e  ADC12MEM7                                  
0000086e  ADC12MEM7_L                                
0000086f  ADC12MEM7_H                                
00000870  ADC12MEM8                                  
00000870  ADC12MEM8_L                                
00000871  ADC12MEM8_H                                
00000872  ADC12MEM9                                  
00000872  ADC12MEM9_L                                
00000873  ADC12MEM9_H                                
00000874  ADC12MEM10                                 
00000874  ADC12MEM10_L                               
00000875  ADC12MEM10_H                               
00000876  ADC12MEM11                                 
00000876  ADC12MEM11_L                               
00000877  ADC12MEM11_H                               
00000878  ADC12MEM12                                 
00000878  ADC12MEM12_L                               
00000879  ADC12MEM12_H                               
0000087a  ADC12MEM13                                 
0000087a  ADC12MEM13_L                               
0000087b  ADC12MEM13_H                               
0000087c  ADC12MEM14                                 
0000087c  ADC12MEM14_L                               
0000087d  ADC12MEM14_H                               
0000087e  ADC12MEM15                                 
0000087e  ADC12MEM15_L                               
0000087f  ADC12MEM15_H                               
00000880  ADC12MEM16                                 
00000880  ADC12MEM16_L                               
00000881  ADC12MEM16_H                               
00000882  ADC12MEM17                                 
00000882  ADC12MEM17_L                               
00000883  ADC12MEM17_H                               
00000884  ADC12MEM18                                 
00000884  ADC12MEM18_L                               
00000885  ADC12MEM18_H                               
00000886  ADC12MEM19                                 
00000886  ADC12MEM19_L                               
00000887  ADC12MEM19_H                               
00000888  ADC12MEM20                                 
00000888  ADC12MEM20_L                               
00000889  ADC12MEM20_H                               
0000088a  ADC12MEM21                                 
0000088a  ADC12MEM21_L                               
0000088b  ADC12MEM21_H                               
0000088c  ADC12MEM22                                 
0000088c  ADC12MEM22_L                               
0000088d  ADC12MEM22_H                               
0000088e  ADC12MEM23                                 
0000088e  ADC12MEM23_L                               
0000088f  ADC12MEM23_H                               
00000890  ADC12MEM24                                 
00000890  ADC12MEM24_L                               
00000891  ADC12MEM24_H                               
00000892  ADC12MEM25                                 
00000892  ADC12MEM25_L                               
00000893  ADC12MEM25_H                               
00000894  ADC12MEM26                                 
00000894  ADC12MEM26_L                               
00000895  ADC12MEM26_H                               
00000896  ADC12MEM27                                 
00000896  ADC12MEM27_L                               
00000897  ADC12MEM27_H                               
00000898  ADC12MEM28                                 
00000898  ADC12MEM28_L                               
00000899  ADC12MEM28_H                               
0000089a  ADC12MEM29                                 
0000089a  ADC12MEM29_L                               
0000089b  ADC12MEM29_H                               
0000089c  ADC12MEM30                                 
0000089c  ADC12MEM30_L                               
0000089d  ADC12MEM30_H                               
0000089e  ADC12MEM31                                 
0000089e  ADC12MEM31_L                               
0000089f  ADC12MEM31_H                               
000008c0  CECTL0                                     
000008c0  CECTL0_L                                   
000008c1  CECTL0_H                                   
000008c2  CECTL1                                     
000008c2  CECTL1_L                                   
000008c3  CECTL1_H                                   
000008c4  CECTL2                                     
000008c4  CECTL2_L                                   
000008c5  CECTL2_H                                   
000008c6  CECTL3                                     
000008c6  CECTL3_L                                   
000008c7  CECTL3_H                                   
000008cc  CEINT                                      
000008cc  CEINT_L                                    
000008cd  CEINT_H                                    
000008ce  CEIV                                       
000008ce  CEIV_L                                     
000008cf  CEIV_H                                     
000009c0  AESACTL0                                   
000009c0  AESACTL0_L                                 
000009c1  AESACTL0_H                                 
000009c2  AESACTL1                                   
000009c2  AESACTL1_L                                 
000009c3  AESACTL1_H                                 
000009c4  AESASTAT                                   
000009c4  AESASTAT_L                                 
000009c5  AESASTAT_H                                 
000009c6  AESAKEY                                    
000009c6  AESAKEY_L                                  
000009c7  AESAKEY_H                                  
000009c8  AESADIN                                    
000009c8  AESADIN_L                                  
000009c9  AESADIN_H                                  
000009ca  AESADOUT                                   
000009ca  AESADOUT_L                                 
000009cb  AESADOUT_H                                 
000009cc  AESAXDIN                                   
000009cc  AESAXDIN_L                                 
000009cd  AESAXDIN_H                                 
000009ce  AESAXIN                                    
000009ce  AESAXIN_L                                  
000009cf  AESAXIN_H                                  
00001c00  data_p                                     
00001d00  RxPacket                                   
00001d40  TxPacket                                   
00001d80  uart_data                                  
00001dc0  uart_rcv_buf                               
00001e00  rf_data                                    
00001e1c  ack_p                                      
00001e20  encryption_p                               
00001e24  remote_addr_p                              
00001e32  nwk_header                                 
00001e34  remote_addr                                
00001e36  ack                                        
00001e37  data_rcv_flag                              
00001e38  dummy                                      
00001e39  encryption                                 
00001e3a  packet_len                                 
00001e3b  payload_length                             
00001e3c  rssi_rx                                    
00001e3d  uart_rcv_byte                              
00001e3e  ANSW_ERROR_UNK_CMD                         
00001e56  encryption_key                             
00001e66  CMD_AT_RFCHANNEL                           
00001e74  CMD_AT_RFDRATE                             
00001e80  CMD_AT_RFPOWER                             
00001e8c  CMD_AT_RFMODE                              
00001e97  radio_mode_receive                         
00001e98  CMD_AT_RFSEND                              
00001ea3  exit_code                                  
00001ea4  CMD_AT_RFLADDR                             
00001eae  CMD_AT_RFNADDR                             
00001eb8  ANSW_ERROR                                 
00001ebf  uart_index                                 
00001ec0  CMD_AT_RST                                 
00001ec8  CMD_AT_VER                                 
00001ed0  ANSW_OK                                    
00001ed6  _lock                                      
00001eda  _unlock                                    
00001ede  CMD_AT                                     
00002360  _stack                                     
00002400  __STACK_END                                
00004400  _sys_memory                                
00004400  fram_rw_start                              
00004800  USCI_A0_ISR                                
00004800  fram_ipe_end                               
00004800  fram_ipe_start                             
00004800  fram_rx_start                              
0000488c  Port_1                                     
000048b8  _c_int00_noargs_noexit                     
000048d2  __TI_ISR_TRAP                              
000048d8  rsbox                                      
000049d8  sbox                                       
00004ba8  P_VALUE_CH_                                
00004bbd  vcotune                                    
00004bbe  R_VALUE_CH_                                
00004bd4  S_VALUE_CH_                                
00004c20  Rcon                                       
00004cd8  __TI_Handler_Table_Base                    
00004ce4  __TI_Handler_Table_Limit                   
00004cea  __TI_CINIT_Base                            
00004cfa  __TI_CINIT_Limit                           
0000ffcc  __TI_int30                                 
0000ffce  __TI_int31                                 
0000ffd0  __TI_int32                                 
0000ffd2  __TI_int33                                 
0000ffd4  __TI_int34                                 
0000ffd6  __TI_int35                                 
0000ffd8  __TI_int36                                 
0000ffda  __TI_int37                                 
0000ffdc  __TI_int38                                 
0000ffde  __TI_int39                                 
0000ffe0  __TI_int40                                 
0000ffe2  __TI_int41                                 
0000ffe4  __TI_int42                                 
0000ffe6  __TI_int43                                 
0000ffe8  __TI_int44                                 
0000ffea  __TI_int45                                 
0000ffec  __TI_int46                                 
0000ffee  __TI_int47                                 
0000fff0  __TI_int48                                 
0000fff2  __TI_int49                                 
0000fff4  __TI_int50                                 
0000fff6  __TI_int51                                 
0000fff8  __TI_int52                                 
0000fffa  __TI_int53                                 
0000fffc  __TI_int54                                 
0000fffe  _reset_vector                              
00010000  aes_decr                                   
0001068a  aes_encr                                   
00010c0e  expandKey                                  
00010f5a  Radio_Init                                 
0001117a  main                                       
0001130c  Send_Rf_Data                               
00011472  Set_Network_Address                        
000116e0  Receive_Rf_Data                            
00011806  Radio_Send_Data                            
00011900  Radio_Receive_Data                         
000119ee  __TI_printfi_minimal                       
00011ac0  Set_Rf_Mode                                
00011b90  malloc                                     
00011c4a  Set_Rf_Power                               
00011d02  cByteToHex                                 
00011db8  Set_Rf_Data_Rate                           
00011e6c  Radio_Tx                                   
00011f14  Radio_Rx                                   
00011fb2  EUSCI_A_UART_init                          
0001204c  System_Init                                
000120dc  free                                       
0001216a  Radio_Set_Channel                          
000121ee  Trans_Int                                  
0001226e  SPI_Init                                   
000122ec  UART_Init                                  
0001236a  GPIO_setAsPeripheralModuleFunctionInputPin 
000123dc  GPIO_setAsPeripheralModuleFunctionOutputPin
0001244e  _auto_init_hold_wdt                        
00012522  CS_initClockSignal                         
00012588  Radio_Set_Mode                             
000125ee  String_To_Int                              
000126a6  Set_Rf_Local_Address                       
000126fe  __mspabi_divul                             
000126fe  __mspabi_remul                             
00012756  EUSCI_B_SPI_initMaster                     
000127ac  Print_Error                                
000127fc  Set_Rf_Channel                             
00012898  RF_IRQ_Init                                
00012928  sprintf                                    
0001296c  minit                                      
000129ae  _Add_Address_To_Packet                     
000129ee  _Modify_Packet_Header                      
00012a6c  Clear_Work_Data_Buf                        
00012aa2  System_Set_Speed                           
00012ad0  strncmp                                    
00012afe  SPI_Conf_Write_Register                    
00012b28  SPI_Conf_Read_Register                     
00012b50  SPI_Data_Write                             
00012b74  UART_Send_ByteToChar                       
00012b98  __TI_zero_init                             
00012bbc  EUSCI_A_UART_enableInterrupt               
00012bde  EUSCI_A_UART_transmitData                  
00012c00  RF_SPI_Init                                
00012c22  Spi_Send                                   
00012c44  UART_Send_Byte                             
00012c64  WDT_A_hold                                 
00012ca4  Check_Uart_Answer_Block                    
00012cc2  aes_decrypt                                
00012ce0  aes_encrypt                                
00012cfe  memccpy                                    
00012d1c  strcmp                                     
00012d38  Check_Uart_Answer                          
00012d52  Clear_Uart_Data_Buf                        
00012d86  galois_mul2                                
00012d9e  UART_Send_Data                             
00012db4  memset                                     
00012dca  __mspabi_divu                              
00012dca  __mspabi_remu                              
00012de0  __mspabi_mpyi_f5hw                         
00012df6  SPI_Data_Read                              
00012e1e  memcpy                                     
00012e32  CS_setDCOFreq                              
00012e44  Radio_Set_TxPower                          
00012e56  __TI_decompress_none                       
00012e68  strcpy                                     
00012e7a  strlen                                     
00012e88  EUSCI_B_SPI_transmitData                   
00012e94  Payload_Decrypt                            
00012ea0  Payload_Encrypt                            
00012eac  _Validate_Address                          
00012eb8  EUSCI_A_UART_getInterruptStatus            
00012ec2  EUSCI_B_SPI_getInterruptStatus             
00012ecc  EUSCI_B_SPI_receiveData                    
00012ed6  System_Reset                               
00012ee0  EUSCI_A_UART_disable                       
00012ee6  EUSCI_A_UART_enable                        
00012eec  EUSCI_B_SPI_disable                        
00012ef2  EUSCI_B_SPI_enable                         
00012ef8  __TI_decompress_rle24                      
00012efe  _system_pre_init                           
00012f02  C$$EXIT                                    
00012f02  abort                                      
00012f06  _nop                                       
ffffffff  __binit__                                  
ffffffff  __c_args__                                 
ffffffff  binit                                      
UNDEFED   __TI_INITARRAY_Base                        
UNDEFED   __TI_INITARRAY_Limit                       

[983 symbols]
